../user_app/TFTLCD.c:21:6:test_tft_lcd	8	static
../user_app/TFTLCD.c:35:6:test_lcd_show_picture	16	static
../user_app/TFTLCD.c:44:13:dma2d_transfer_data_r2m	24	static
../user_app/TFTLCD.c:59:6:TFTLCD_clear	24	static
../user_app/TFTLCD.c:79:6:lcd_draw_point	32	static
../user_app/TFTLCD.c:107:6:lcd_draw_line	40	static
../user_app/TFTLCD.c:191:6:lcd_draw_circle	32	static
../user_app/TFTLCD.c:224:6:lcd_draw_circle_fill	32	static
../user_app/TFTLCD.c:239:6:LCD_Draw_Rect	32	static
../user_app/TFTLCD.c:253:10:lcd_read_point	24	static
../user_app/TFTLCD.c:269:6:TFTLCD_test	16	static
