../user_bsp/qspi_flash.c:26:6:QSPI_Send_CMD	80	static
../user_bsp/qspi_flash.c:50:9:QSPI_Receive	16	static
../user_bsp/qspi_flash.c:62:9:QSPI_Transmit	16	static
../user_bsp/qspi_flash.c:86:9:W25QXX_ReadSR	40	static
../user_bsp/qspi_flash.c:111:6:W25QXX_Write_SR	40	static
../user_bsp/qspi_flash.c:135:6:W25QXX_Qspi_Enable	32	static
../user_bsp/qspi_flash.c:151:6:W25QXX_Write_Enable	24	static
../user_bsp/qspi_flash.c:159:6:W25QXX_Write_Disable	24	static
../user_bsp/qspi_flash.c:172:10:W25QXX_ReadID	32	static
../user_bsp/qspi_flash.c:184:6:W25QXX_Init	32	static
../user_bsp/qspi_flash.c:211:6:W25QXX_Read	40	static
../user_bsp/qspi_flash.c:222:6:W25QXX_Write_Page	40	static
../user_bsp/qspi_flash.c:238:6:W25QXX_Write_NoCheck	32	static
../user_bsp/qspi_flash.c:266:6:W25QXX_Write	40	static
../user_bsp/qspi_flash.c:314:6:W25QXX_Erase_Chip	24	static
../user_bsp/qspi_flash.c:325:6:W25QXX_Erase_Sector	32	static
../user_bsp/qspi_flash.c:337:6:W25QXX_Wait_Busy	8	static
../user_bsp/qspi_flash.c:342:6:W25QXX_MemoryMapped	72	static
../user_bsp/qspi_flash.c:369:6:w25qxx_flash_init	8	static
