../user_bsp/soft_IIC.c:11:6:soft_IIC_Init	8	static
../user_bsp/soft_IIC.c:24:13:iic_delay	8	static
../user_bsp/soft_IIC.c:34:6:iic_start	8	static
../user_bsp/soft_IIC.c:50:6:iic_stop	8	static
../user_bsp/soft_IIC.c:66:9:iic_wait_ack	16	static
../user_bsp/soft_IIC.c:98:6:iic_ack	8	static
../user_bsp/soft_IIC.c:115:6:iic_nack	8	static
../user_bsp/soft_IIC.c:129:6:iic_send_byte	24	static
../user_bsp/soft_IIC.c:150:9:iic_read_byte	24	static
../user_bsp/soft_IIC.c:187:9:IIC_Write_Len	24	static
../user_bsp/soft_IIC.c:218:9:IIC_Read_Len	16	static
