Archive member included to satisfy reference by file (symbol)

D:/ST/STM32CubeIDE_1.13.1/STM32CubeIDE/plugins/com.st.stm32cube.ide.mcu.externaltools.gnu-tools-for-stm32.11.3.rel1.win32_1.1.0.202305231506/tools/bin/../lib/gcc/arm-none-eabi/11.3.1/../../../../arm-none-eabi/lib/thumb/v7e-m+dp/hard\libc_nano.a(libc_a-exit.o)
                              D:/ST/STM32CubeIDE_1.13.1/STM32CubeIDE/plugins/com.st.stm32cube.ide.mcu.externaltools.gnu-tools-for-stm32.11.3.rel1.win32_1.1.0.202305231506/tools/bin/../lib/gcc/arm-none-eabi/11.3.1/../../../../arm-none-eabi/lib/thumb/v7e-m+dp/hard/crt0.o (exit)
D:/ST/STM32CubeIDE_1.13.1/STM32CubeIDE/plugins/com.st.stm32cube.ide.mcu.externaltools.gnu-tools-for-stm32.11.3.rel1.win32_1.1.0.202305231506/tools/bin/../lib/gcc/arm-none-eabi/11.3.1/../../../../arm-none-eabi/lib/thumb/v7e-m+dp/hard\libc_nano.a(libc_a-nano-vfprintf_float.o)
                              (_printf_float)
D:/ST/STM32CubeIDE_1.13.1/STM32CubeIDE/plugins/com.st.stm32cube.ide.mcu.externaltools.gnu-tools-for-stm32.11.3.rel1.win32_1.1.0.202305231506/tools/bin/../lib/gcc/arm-none-eabi/11.3.1/../../../../arm-none-eabi/lib/thumb/v7e-m+dp/hard\libc_nano.a(libc_a-nano-vfprintf_i.o)
                              D:/ST/STM32CubeIDE_1.13.1/STM32CubeIDE/plugins/com.st.stm32cube.ide.mcu.externaltools.gnu-tools-for-stm32.11.3.rel1.win32_1.1.0.202305231506/tools/bin/../lib/gcc/arm-none-eabi/11.3.1/../../../../arm-none-eabi/lib/thumb/v7e-m+dp/hard\libc_nano.a(libc_a-nano-vfprintf_float.o) (_printf_common)
D:/ST/STM32CubeIDE_1.13.1/STM32CubeIDE/plugins/com.st.stm32cube.ide.mcu.externaltools.gnu-tools-for-stm32.11.3.rel1.win32_1.1.0.202305231506/tools/bin/../lib/gcc/arm-none-eabi/11.3.1/../../../../arm-none-eabi/lib/thumb/v7e-m+dp/hard\libc_nano.a(libc_a-nano-vfscanf_float.o)
                              (_scanf_float)
D:/ST/STM32CubeIDE_1.13.1/STM32CubeIDE/plugins/com.st.stm32cube.ide.mcu.externaltools.gnu-tools-for-stm32.11.3.rel1.win32_1.1.0.202305231506/tools/bin/../lib/gcc/arm-none-eabi/11.3.1/../../../../arm-none-eabi/lib/thumb/v7e-m+dp/hard\libc_nano.a(libc_a-findfp.o)
                              D:/ST/STM32CubeIDE_1.13.1/STM32CubeIDE/plugins/com.st.stm32cube.ide.mcu.externaltools.gnu-tools-for-stm32.11.3.rel1.win32_1.1.0.202305231506/tools/bin/../lib/gcc/arm-none-eabi/11.3.1/../../../../arm-none-eabi/lib/thumb/v7e-m+dp/hard\libc_nano.a(libc_a-exit.o) (__stdio_exit_handler)
D:/ST/STM32CubeIDE_1.13.1/STM32CubeIDE/plugins/com.st.stm32cube.ide.mcu.externaltools.gnu-tools-for-stm32.11.3.rel1.win32_1.1.0.202305231506/tools/bin/../lib/gcc/arm-none-eabi/11.3.1/../../../../arm-none-eabi/lib/thumb/v7e-m+dp/hard\libc_nano.a(libc_a-fwalk.o)
                              D:/ST/STM32CubeIDE_1.13.1/STM32CubeIDE/plugins/com.st.stm32cube.ide.mcu.externaltools.gnu-tools-for-stm32.11.3.rel1.win32_1.1.0.202305231506/tools/bin/../lib/gcc/arm-none-eabi/11.3.1/../../../../arm-none-eabi/lib/thumb/v7e-m+dp/hard\libc_nano.a(libc_a-findfp.o) (_fwalk_sglue)
D:/ST/STM32CubeIDE_1.13.1/STM32CubeIDE/plugins/com.st.stm32cube.ide.mcu.externaltools.gnu-tools-for-stm32.11.3.rel1.win32_1.1.0.202305231506/tools/bin/../lib/gcc/arm-none-eabi/11.3.1/../../../../arm-none-eabi/lib/thumb/v7e-m+dp/hard\libc_nano.a(libc_a-puts.o)
                              ./user_app/spi_flash_data.o (puts)
D:/ST/STM32CubeIDE_1.13.1/STM32CubeIDE/plugins/com.st.stm32cube.ide.mcu.externaltools.gnu-tools-for-stm32.11.3.rel1.win32_1.1.0.202305231506/tools/bin/../lib/gcc/arm-none-eabi/11.3.1/../../../../arm-none-eabi/lib/thumb/v7e-m+dp/hard\libc_nano.a(libc_a-sprintf.o)
                              D:/ST/STM32CubeIDE_1.13.1/STM32CubeIDE/plugins/com.st.stm32cube.ide.mcu.externaltools.gnu-tools-for-stm32.11.3.rel1.win32_1.1.0.202305231506/tools/bin/../lib/gcc/arm-none-eabi/11.3.1/../../../../arm-none-eabi/lib/thumb/v7e-m+dp/hard\libc_nano.a(libc_a-nano-vfscanf_float.o) (sprintf)
D:/ST/STM32CubeIDE_1.13.1/STM32CubeIDE/plugins/com.st.stm32cube.ide.mcu.externaltools.gnu-tools-for-stm32.11.3.rel1.win32_1.1.0.202305231506/tools/bin/../lib/gcc/arm-none-eabi/11.3.1/../../../../arm-none-eabi/lib/thumb/v7e-m+dp/hard\libc_nano.a(libc_a-stdio.o)
                              D:/ST/STM32CubeIDE_1.13.1/STM32CubeIDE/plugins/com.st.stm32cube.ide.mcu.externaltools.gnu-tools-for-stm32.11.3.rel1.win32_1.1.0.202305231506/tools/bin/../lib/gcc/arm-none-eabi/11.3.1/../../../../arm-none-eabi/lib/thumb/v7e-m+dp/hard\libc_nano.a(libc_a-findfp.o) (__sread)
D:/ST/STM32CubeIDE_1.13.1/STM32CubeIDE/plugins/com.st.stm32cube.ide.mcu.externaltools.gnu-tools-for-stm32.11.3.rel1.win32_1.1.0.202305231506/tools/bin/../lib/gcc/arm-none-eabi/11.3.1/../../../../arm-none-eabi/lib/thumb/v7e-m+dp/hard\libc_nano.a(libc_a-wbuf.o)
[...]
Memory Configuration

Name             Origin             Length             Attributes
FLASH            0x0000000008000000 0x0000000000200000 xr
SRAM             0x00000000c0000000 0x0000000002000000 xrw
DTCMRAM          0x0000000020000000 0x0000000000020000 xrw
RAM_D1           0x0000000024000000 0x0000000000080000 xrw
RAM_D2           0x0000000030000000 0x0000000000048000 xrw
RAM_D3           0x0000000038000000 0x0000000000010000 xrw
ITCMRAM          0x0000000000000000 0x0000000000010000 xrw
*default*        0x0000000000000000 0xffffffffffffffff

Linker script and memory map

LOAD D:/ST/STM32CubeIDE_1.13.1/STM32CubeIDE/plugins/com.st.stm32cube.ide.mcu.externaltools.gnu-tools-for-stm32.11.3.rel1.win32_1.1.0.202305231506/tools/bin/../lib/gcc/arm-none-eabi/11.3.1/thumb/v7e-m+dp/hard/crti.o
LOAD D:/ST/STM32CubeIDE_1.13.1/STM32CubeIDE/plugins/com.st.stm32cube.ide.mcu.externaltools.gnu-tools-for-stm32.11.3.rel1.win32_1.1.0.202305231506/tools/bin/../lib/gcc/arm-none-eabi/11.3.1/thumb/v7e-m+dp/hard/crtbegin.o
LOAD D:/ST/STM32CubeIDE_1.13.1/STM32CubeIDE/plugins/com.st.stm32cube.ide.mcu.externaltools.gnu-tools-for-stm32.11.3.rel1.win32_1.1.0.202305231506/tools/bin/../lib/gcc/arm-none-eabi/11.3.1/../../../../arm-none-eabi/lib/thumb/v7e-m+dp/hard/crt0.o
LOAD ./Core/Src/main.o
LOAD ./Core/Src/stm32h7xx_hal_msp.o
LOAD ./Core/Src/stm32h7xx_it.o
LOAD ./Core/Src/syscalls.o
LOAD ./Core/Src/sysmem.o
LOAD ./Core/Src/system_stm32h7xx.o
LOAD ./Core/Startup/startup_stm32h743iitx.o
LOAD ./Drivers/STM32H7xx_HAL_Driver/Src/stm32h7xx_hal.o
LOAD ./Drivers/STM32H7xx_HAL_Driver/Src/stm32h7xx_hal_cortex.o
LOAD ./Drivers/STM32H7xx_HAL_Driver/Src/stm32h7xx_hal_dma.o
LOAD ./Drivers/STM32H7xx_HAL_Driver/Src/stm32h7xx_hal_dma2d.o
LOAD ./Drivers/STM32H7xx_HAL_Driver/Src/stm32h7xx_hal_dma_ex.o
LOAD ./Drivers/STM32H7xx_HAL_Driver/Src/stm32h7xx_hal_exti.o
LOAD ./Drivers/STM32H7xx_HAL_Driver/Src/stm32h7xx_hal_flash.o
LOAD ./Drivers/STM32H7xx_HAL_Driver/Src/stm32h7xx_hal_flash_ex.o
LOAD ./Drivers/STM32H7xx_HAL_Driver/Src/stm32h7xx_hal_gpio.o
LOAD ./Drivers/STM32H7xx_HAL_Driver/Src/stm32h7xx_hal_hsem.o
LOAD ./Drivers/STM32H7xx_HAL_Driver/Src/stm32h7xx_hal_i2c.o
LOAD ./Drivers/STM32H7xx_HAL_Driver/Src/stm32h7xx_hal_i2c_ex.o
LOAD ./Drivers/STM32H7xx_HAL_Driver/Src/stm32h7xx_hal_ltdc.o
LOAD ./Drivers/STM32H7xx_HAL_Driver/Src/stm32h7xx_hal_ltdc_ex.o
LOAD ./Drivers/STM32H7xx_HAL_Driver/Src/stm32h7xx_hal_mdma.o
LOAD ./Drivers/STM32H7xx_HAL_Driver/Src/stm32h7xx_hal_pwr.o
LOAD ./Drivers/STM32H7xx_HAL_Driver/Src/stm32h7xx_hal_pwr_ex.o
LOAD ./Drivers/STM32H7xx_HAL_Driver/Src/stm32h7xx_hal_qspi.o
LOAD ./Drivers/STM32H7xx_HAL_Driver/Src/stm32h7xx_hal_rcc.o
LOAD ./Drivers/STM32H7xx_HAL_Driver/Src/stm32h7xx_hal_rcc_ex.o
LOAD ./Drivers/STM32H7xx_HAL_Driver/Src/stm32h7xx_hal_sdram.o
LOAD ./Drivers/STM32H7xx_HAL_Driver/Src/stm32h7xx_hal_tim.o
LOAD ./Drivers/STM32H7xx_HAL_Driver/Src/stm32h7xx_hal_tim_ex.o
LOAD ./Drivers/STM32H7xx_HAL_Driver/Src/stm32h7xx_hal_uart.o
LOAD ./Drivers/STM32H7xx_HAL_Driver/Src/stm32h7xx_hal_uart_ex.o
LOAD ./Drivers/STM32H7xx_HAL_Driver/Src/stm32h7xx_ll_fmc.o
LOAD ./pictures/ceshitu_1.o
LOAD ./pictures/ceshitupian1.o
LOAD ./pictures/ceshitupian2.o
LOAD ./pictures/ceshitupian3.o
LOAD ./pictures/ceshitupian4.o
LOAD ./pictures/ceshitupian6.o
LOAD ./user_app/TFTLCD.o
LOAD ./user_app/spi_flash_data.o
LOAD ./user_app/tft_lcd_draw.o
LOAD ./user_bsp/QSPI_flash.o
LOAD ./user_bsp/key_led.o
LOAD ./user_bsp/sdram.o
LOAD ./user_bsp/soft_IIC.o
LOAD ./user_bsp/touch.o
LOAD ./user_bsp/user_delay.o
LOAD ./user_bsp/user_uart.o
START GROUP
LOAD D:/ST/STM32CubeIDE_1.13.1/STM32CubeIDE/plugins/com.st.stm32cube.ide.mcu.externaltools.gnu-tools-for-stm32.11.3.rel1.win32_1.1.0.202305231506/tools/bin/../lib/gcc/arm-none-eabi/11.3.1/../../../../arm-none-eabi/lib/thumb/v7e-m+dp/hard\libc_nano.a
LOAD D:/ST/STM32CubeIDE_1.13.1/STM32CubeIDE/plugins/com.st.stm32cube.ide.mcu.externaltools.gnu-tools-for-stm32.11.3.rel1.win32_1.1.0.202305231506/tools/bin/../lib/gcc/arm-none-eabi/11.3.1/../../../../arm-none-eabi/lib/thumb/v7e-m+dp/hard\libm.a
END GROUP
START GROUP
LOAD D:/ST/STM32CubeIDE_1.13.1/STM32CubeIDE/plugins/com.st.stm32cube.ide.mcu.externaltools.gnu-tools-for-stm32.11.3.rel1.win32_1.1.0.202305231506/tools/bin/../lib/gcc/arm-none-eabi/11.3.1/thumb/v7e-m+dp/hard\libgcc.a
LOAD D:/ST/STM32CubeIDE_1.13.1/STM32CubeIDE/plugins/com.st.stm32cube.ide.mcu.externaltools.gnu-tools-for-stm32.11.3.rel1.win32_1.1.0.202305231506/tools/bin/../lib/gcc/arm-none-eabi/11.3.1/../../../../arm-none-eabi/lib/thumb/v7e-m+dp/hard\libc_nano.a
END GROUP
START GROUP
LOAD D:/ST/STM32CubeIDE_1.13.1/STM32CubeIDE/plugins/com.st.stm32cube.ide.mcu.externaltools.gnu-tools-for-stm32.11.3.rel1.win32_1.1.0.202305231506/tools/bin/../lib/gcc/arm-none-eabi/11.3.1/thumb/v7e-m+dp/hard\libgcc.a
LOAD D:/ST/STM32CubeIDE_1.13.1/STM32CubeIDE/plugins/com.st.stm32cube.ide.mcu.externaltools.gnu-tools-for-stm32.11.3.rel1.win32_1.1.0.202305231506/tools/bin/../lib/gcc/arm-none-eabi/11.3.1/../../../../arm-none-eabi/lib/thumb/v7e-m+dp/hard\libc_nano.a
LOAD D:/ST/STM32CubeIDE_1.13.1/STM32CubeIDE/plugins/com.st.stm32cube.ide.mcu.externaltools.gnu-tools-for-stm32.11.3.rel1.win32_1.1.0.202305231506/tools/bin/../lib/gcc/arm-none-eabi/11.3.1/../../../../arm-none-eabi/lib/thumb/v7e-m+dp/hard\libnosys.a
END GROUP
START GROUP
LOAD D:/ST/STM32CubeIDE_1.13.1/STM32CubeIDE/plugins/com.st.stm32cube.ide.mcu.externaltools.gnu-tools-for-stm32.11.3.rel1.win32_1.1.0.202305231506/tools/bin/../lib/gcc/arm-none-eabi/11.3.1/thumb/v7e-m+dp/hard\libgcc.a
LOAD D:/ST/STM32CubeIDE_1.13.1/STM32CubeIDE/plugins/com.st.stm32cube.ide.mcu.externaltools.gnu-tools-for-stm32.11.3.rel1.win32_1.1.0.202305231506/tools/bin/../lib/gcc/arm-none-eabi/11.3.1/../../../../arm-none-eabi/lib/thumb/v7e-m+dp/hard\libc_nano.a
LOAD D:/ST/STM32CubeIDE_1.13.1/STM32CubeIDE/plugins/com.st.stm32cube.ide.mcu.externaltools.gnu-tools-for-stm32.11.3.rel1.win32_1.1.0.202305231506/tools/bin/../lib/gcc/arm-none-eabi/11.3.1/../../../../arm-none-eabi/lib/thumb/v7e-m+dp/hard\libnosys.a
END GROUP
LOAD D:/ST/STM32CubeIDE_1.13.1/STM32CubeIDE/plugins/com.st.stm32cube.ide.mcu.externaltools.gnu-tools-for-stm32.11.3.rel1.win32_1.1.0.202305231506/tools/bin/../lib/gcc/arm-none-eabi/11.3.1/thumb/v7e-m+dp/hard/crtend.o
LOAD D:/ST/STM32CubeIDE_1.13.1/STM32CubeIDE/plugins/com.st.stm32cube.ide.mcu.externaltools.gnu-tools-for-stm32.11.3.rel1.win32_1.1.0.202305231506/tools/bin/../lib/gcc/arm-none-eabi/11.3.1/thumb/v7e-m+dp/hard/crtn.o
                0x0000000024080000                _estack = (ORIGIN (RAM_D1) + LENGTH (RAM_D1))
                0x0000000000000200                _Min_Heap_Size = 0x200
                0x0000000000000400                _Min_Stack_Size = 0x400

.sram_data1     0x00000000c0000000        0x0
                0x00000000c0000000                . = ALIGN (0x4)
 *(.sram_data1)
                0x00000000c0000000                . = ALIGN (0x4)

.sram_data2     0x00000000c0200000        0x0
                0x00000000c0200000                . = ALIGN (0x4)
 *(.sram_data2)
                0x00000000c0200000                . = ALIGN (0x4)

.sram_data3     0x00000000c0800000        0x0
                0x00000000c0800000                . = ALIGN (0x4)
 *(.sram_data3)
                0x00000000c0800000                . = ALIGN (0x4)

.isr_vector     0x0000000008000000      0x298
                0x0000000008000000                . = ALIGN (0x4)
 *(.isr_vector)
 .isr_vector    0x0000000008000000      0x298 ./Core/Startup/startup_stm32h743iitx.o
                0x0000000008000000                g_pfnVectors
                0x0000000008000298                . = ALIGN (0x4)

.text           0x00000000080002a0     0xfcfc
                0x00000000080002a0                . = ALIGN (0x4)
 *(.text)
 .text          0x00000000080002a0       0x40 D:/ST/STM32CubeIDE_1.13.1/STM32CubeIDE/plugins/com.st.stm32cube.ide.mcu.externaltools.gnu-tools-for-stm32.11.3.rel1.win32_1.1.0.202305231506/tools/bin/../lib/gcc/arm-none-eabi/11.3.1/thumb/v7e-m+dp/hard/crtbegin.o
 .text          0x00000000080002e0       0xa0 D:/ST/STM32CubeIDE_1.13.1/STM32CubeIDE/plugins/com.st.stm32cube.ide.mcu.externaltools.gnu-tools-for-stm32.11.3.rel1.win32_1.1.0.202305231506/tools/bin/../lib/gcc/arm-none-eabi/11.3.1/../../../../arm-none-eabi/lib/thumb/v7e-m+dp/hard\libc_nano.a(libc_a-memchr.o)
                0x00000000080002e0                memchr
 .text          0x0000000008000380       0x10 D:/ST/STM32CubeIDE_1.13.1/STM32CubeIDE/plugins/com.st.stm32cube.ide.mcu.externaltools.gnu-tools-for-stm32.11.3.rel1.win32_1.1.0.202305231506/tools/bin/../lib/gcc/arm-none-eabi/11.3.1/../../../../arm-none-eabi/lib/thumb/v7e-m+dp/hard\libc_nano.a(libc_a-strlen.o)
                0x0000000008000380                strlen
 .text          0x0000000008000390      0x378 D:/ST/STM32CubeIDE_1.13.1/STM32CubeIDE/plugins/com.st.stm32cube.ide.mcu.externaltools.gnu-tools-for-stm32.11.3.rel1.win32_1.1.0.202305231506/tools/bin/../lib/gcc/arm-none-eabi/11.3.1/thumb/v7e-m+dp/hard\libgcc.a(_arm_addsubdf3.o)
                0x0000000008000390                __aeabi_drsub
                0x0000000008000398                __aeabi_dsub
                0x0000000008000398                __subdf3
                0x000000000800039c                __aeabi_dadd
                0x000000000800039c                __adddf3
                0x0000000008000614                __floatunsidf
                0x0000000008000614                __aeabi_ui2d
                0x0000000008000634                __floatsidf
                0x0000000008000634                __aeabi_i2d
                0x0000000008000658                __aeabi_f2d
                0x0000000008000658                __extendsfdf2
                0x000000000800069c                __floatundidf
                0x000000000800069c                __aeabi_ul2d
                0x00000000080006ac                __floatdidf
                0x00000000080006ac                __aeabi_l2d
 .text          0x0000000008000708       0x30 D:/ST/STM32CubeIDE_1.13.1/STM32CubeIDE/plugins/com.st.stm32cube.ide.mcu.externaltools.gnu-tools-for-stm32.11.3.rel1.win32_1.1.0.202305231506/tools/bin/../lib/gcc/arm-none-eabi/11.3.1/thumb/v7e-m+dp/hard\libgcc.a(_aeabi_uldivmod.o)
                0x0000000008000708                __aeabi_uldivmod
 .text          0x0000000008000738       0x30 D:/ST/STM32CubeIDE_1.13.1/STM32CubeIDE/plugins/com.st.stm32cube.ide.mcu.externaltools.gnu-tools-for-stm32.11.3.rel1.win32_1.1.0.202305231506/tools/bin/../lib/gcc/arm-none-eabi/11.3.1/thumb/v7e-m+dp/hard\libgcc.a(_fixdfdi.o)
                0x0000000008000738                __fixdfdi
                0x0000000008000738                __aeabi_d2lz
 .text          0x0000000008000768       0x40 D:/ST/STM32CubeIDE_1.13.1/STM32CubeIDE/plugins/com.st.stm32cube.ide.mcu.externaltools.gnu-tools-for-stm32.11.3.rel1.win32_1.1.0.202305231506/tools/bin/../lib/gcc/arm-none-eabi/11.3.1/thumb/v7e-m+dp/hard\libgcc.a(_fixunsdfdi.o)
                0x0000000008000768                __fixunsdfdi
                0x0000000008000768                __aeabi_d2ulz
 .text          0x00000000080007a8      0x2c8 D:/ST/STM32CubeIDE_1.13.1/STM32CubeIDE/plugins/com.st.stm32cube.ide.mcu.externaltools.gnu-tools-for-stm32.11.3.rel1.win32_1.1.0.202305231506/tools/bin/../lib/gcc/arm-none-eabi/11.3.1/thumb/v7e-m+dp/hard\libgcc.a(_udivmoddi4.o)
                0x00000000080007a8                __udivmoddi4
 .text          0x0000000008000a70        0x4 D:/ST/STM32CubeIDE_1.13.1/STM32CubeIDE/plugins/com.st.stm32cube.ide.mcu.externaltools.gnu-tools-for-stm32.11.3.rel1.win32_1.1.0.202305231506/tools/bin/../lib/gcc/arm-none-eabi/11.3.1/thumb/v7e-m+dp/hard\libgcc.a(_dvmd_tls.o)
                0x0000000008000a70                __aeabi_idiv0
                0x0000000008000a70                __aeabi_ldiv0
 *(.text*)
 .text.main     0x0000000008000a74       0x52 ./Core/Src/main.o
                0x0000000008000a74                main
 *fill*         0x0000000008000ac6        0x2 
 .text.SystemClock_Config
                0x0000000008000ac8       0xf4 ./Core/Src/main.o
                0x0000000008000ac8                SystemClock_Config
 .text.MX_DMA2D_Init
                0x0000000008000bbc       0x74 ./Core/Src/main.o
 .text.MX_LTDC_Init
                0x0000000008000c30      0x104 ./Core/Src/main.o
 .text.MX_QUADSPI_Init
                0x0000000008000d34       0x58 ./Core/Src/main.o
 .text.MX_TIM3_Init
                0x0000000008000d8c       0x9c ./Core/Src/main.o
 .text.MX_USART1_UART_Init
                0x0000000008000e28       0x9c ./Core/Src/main.o
 .text.MX_USART2_UART_Init
                0x0000000008000ec4       0x98 ./Core/Src/main.o
 .text.MX_FMC_Init
                0x0000000008000f5c       0xa4 ./Core/Src/main.o
 .text.MX_GPIO_Init
                0x0000000008001000      0x238 ./Core/Src/main.o
 .text.Error_Handler
                0x0000000008001238        0xa ./Core/Src/main.o
                0x0000000008001238                Error_Handler
 *fill*         0x0000000008001242        0x2 
 .text.HAL_MspInit
                0x0000000008001244       0x34 ./Core/Src/stm32h7xx_hal_msp.o
                0x0000000008001244                HAL_MspInit
 .text.HAL_DMA2D_MspInit
                0x0000000008001278       0x50 ./Core/Src/stm32h7xx_hal_msp.o
                0x0000000008001278                HAL_DMA2D_MspInit
 .text.HAL_LTDC_MspInit
                0x00000000080012c8      0x1ec ./Core/Src/stm32h7xx_hal_msp.o
                0x00000000080012c8                HAL_LTDC_MspInit
 .text.HAL_QSPI_MspInit
                0x00000000080014b4      0x174 ./Core/Src/stm32h7xx_hal_msp.o
                0x00000000080014b4                HAL_QSPI_MspInit
 .text.HAL_TIM_Base_MspInit
                0x0000000008001628       0x50 ./Core/Src/stm32h7xx_hal_msp.o
                0x0000000008001628                HAL_TIM_Base_MspInit
 .text.HAL_UART_MspInit
                0x0000000008001678      0x190 ./Core/Src/stm32h7xx_hal_msp.o
                0x0000000008001678                HAL_UART_MspInit
 .text.HAL_FMC_MspInit
                0x0000000008001808      0x178 ./Core/Src/stm32h7xx_hal_msp.o
 .text.HAL_SDRAM_MspInit
                0x0000000008001980       0x14 ./Core/Src/stm32h7xx_hal_msp.o
                0x0000000008001980                HAL_SDRAM_MspInit
 .text.NMI_Handler
                0x0000000008001994        0x6 ./Core/Src/stm32h7xx_it.o
                0x0000000008001994                NMI_Handler
 .text.HardFault_Handler
                0x000000000800199a        0x6 ./Core/Src/stm32h7xx_it.o
                0x000000000800199a                HardFault_Handler
 .text.MemManage_Handler
                0x00000000080019a0        0x6 ./Core/Src/stm32h7xx_it.o
                0x00000000080019a0                MemManage_Handler
 .text.BusFault_Handler
                0x00000000080019a6        0x6 ./Core/Src/stm32h7xx_it.o
                0x00000000080019a6                BusFault_Handler
 .text.UsageFault_Handler
                0x00000000080019ac        0x6 ./Core/Src/stm32h7xx_it.o
                0x00000000080019ac                UsageFault_Handler
 .text.SVC_Handler
                0x00000000080019b2        0xe ./Core/Src/stm32h7xx_it.o
                0x00000000080019b2                SVC_Handler
 .text.DebugMon_Handler
                0x00000000080019c0        0xe ./Core/Src/stm32h7xx_it.o
                0x00000000080019c0                DebugMon_Handler
 .text.PendSV_Handler
                0x00000000080019ce        0xe ./Core/Src/stm32h7xx_it.o
                0x00000000080019ce                PendSV_Handler
 .text.SysTick_Handler
                0x00000000080019dc        0xc ./Core/Src/stm32h7xx_it.o
                0x00000000080019dc                SysTick_Handler
 .text.TIM3_IRQHandler
                0x00000000080019e8       0x14 ./Core/Src/stm32h7xx_it.o
                0x00000000080019e8                TIM3_IRQHandler
 .text.USART1_IRQHandler
                0x00000000080019fc       0x14 ./Core/Src/stm32h7xx_it.o
                0x00000000080019fc                USART1_IRQHandler
 .text.USART2_IRQHandler
                0x0000000008001a10       0x14 ./Core/Src/stm32h7xx_it.o
                0x0000000008001a10                USART2_IRQHandler
 .text.LTDC_IRQHandler
                0x0000000008001a24       0x14 ./Core/Src/stm32h7xx_it.o
                0x0000000008001a24                LTDC_IRQHandler
 .text.DMA2D_IRQHandler
                0x0000000008001a38       0x14 ./Core/Src/stm32h7xx_it.o
                0x0000000008001a38                DMA2D_IRQHandler
 .text._getpid  0x0000000008001a4c       0x10 ./Core/Src/syscalls.o
                0x0000000008001a4c                _getpid
 .text._kill    0x0000000008001a5c       0x20 ./Core/Src/syscalls.o
                0x0000000008001a5c                _kill
 .text._exit    0x0000000008001a7c       0x14 ./Core/Src/syscalls.o
                0x0000000008001a7c                _exit
 .text._read    0x0000000008001a90       0x3a ./Core/Src/syscalls.o
                0x0000000008001a90                _read
 .text._close   0x0000000008001aca       0x18 ./Core/Src/syscalls.o
                0x0000000008001aca                _close
 .text._fstat   0x0000000008001ae2       0x20 ./Core/Src/syscalls.o
                0x0000000008001ae2                _fstat
 .text._isatty  0x0000000008001b02       0x16 ./Core/Src/syscalls.o
                0x0000000008001b02                _isatty
 .text._lseek   0x0000000008001b18       0x1a ./Core/Src/syscalls.o
                0x0000000008001b18                _lseek
 *fill*         0x0000000008001b32        0x2 
 .text._sbrk    0x0000000008001b34       0x6c ./Core/Src/sysmem.o
                0x0000000008001b34                _sbrk
 .text.SystemInit
                0x0000000008001ba0      0x110 ./Core/Src/system_stm32h7xx.o
                0x0000000008001ba0                SystemInit
 .text.Reset_Handler
                0x0000000008001cb0       0x50 ./Core/Startup/startup_stm32h743iitx.o
                0x0000000008001cb0                Reset_Handler
 .text.Default_Handler
                0x0000000008001d00        0x2 ./Core/Startup/startup_stm32h743iitx.o
                0x0000000008001d00                RTC_Alarm_IRQHandler
                0x0000000008001d00                EXTI2_IRQHandler
                0x0000000008001d00                TIM8_CC_IRQHandler
                0x0000000008001d00                HRTIM1_Master_IRQHandler
                0x0000000008001d00                UART8_IRQHandler
                0x0000000008001d00                SPI4_IRQHandler
                0x0000000008001d00                TIM1_CC_IRQHandler
                0x0000000008001d00                BDMA_Channel6_IRQHandler
                0x0000000008001d00                DMA2_Stream5_IRQHandler
                0x0000000008001d00                HRTIM1_FLT_IRQHandler
                0x0000000008001d00                JPEG_IRQHandler
                0x0000000008001d00                DMA1_Stream5_IRQHandler
                0x0000000008001d00                BDMA_Channel1_IRQHandler
                0x0000000008001d00                HRTIM1_TIMD_IRQHandler
                0x0000000008001d00                TAMP_STAMP_IRQHandler
                0x0000000008001d00                EXTI3_IRQHandler
                0x0000000008001d00                LPTIM4_IRQHandler
                0x0000000008001d00                TIM8_TRG_COM_TIM14_IRQHandler
                0x0000000008001d00                LPTIM2_IRQHandler
                0x0000000008001d00                DFSDM1_FLT1_IRQHandler
                0x0000000008001d00                DMAMUX2_OVR_IRQHandler
                0x0000000008001d00                TIM8_UP_TIM13_IRQHandler
                0x0000000008001d00                I2C3_ER_IRQHandler
                0x0000000008001d00                DFSDM1_FLT2_IRQHandler
                0x0000000008001d00                MDMA_IRQHandler
                0x0000000008001d00                LPTIM3_IRQHandler
                0x0000000008001d00                HSEM1_IRQHandler
                0x0000000008001d00                EXTI0_IRQHandler
                0x0000000008001d00                I2C2_EV_IRQHandler
                0x0000000008001d00                DMA1_Stream2_IRQHandler
                0x0000000008001d00                FPU_IRQHandler
                0x0000000008001d00                OTG_HS_WKUP_IRQHandler
                0x0000000008001d00                FDCAN1_IT1_IRQHandler
                0x0000000008001d00                LTDC_ER_IRQHandler
                0x0000000008001d00                DMA2_Stream2_IRQHandler
                0x0000000008001d00                HRTIM1_TIME_IRQHandler
                0x0000000008001d00                SPI1_IRQHandler
                0x0000000008001d00                TIM6_DAC_IRQHandler
                0x0000000008001d00                DCMI_IRQHandler
                0x0000000008001d00                HRTIM1_TIMC_IRQHandler
                0x0000000008001d00                DMA2_Stream3_IRQHandler
                0x0000000008001d00                SAI2_IRQHandler
                0x0000000008001d00                DFSDM1_FLT3_IRQHandler
                0x0000000008001d00                USART6_IRQHandler
                0x0000000008001d00                TIM17_IRQHandler
                0x0000000008001d00                USART3_IRQHandler
                0x0000000008001d00                BDMA_Channel7_IRQHandler
                0x0000000008001d00                LPTIM5_IRQHandler
                0x0000000008001d00                UART5_IRQHandler
                0x0000000008001d00                ADC3_IRQHandler
                0x0000000008001d00                DMA2_Stream0_IRQHandler
                0x0000000008001d00                TIM4_IRQHandler
                0x0000000008001d00                BDMA_Channel2_IRQHandler
                0x0000000008001d00                QUADSPI_IRQHandler
                0x0000000008001d00                I2C1_EV_IRQHandler
                0x0000000008001d00                DMA1_Stream6_IRQHandler
                0x0000000008001d00                DMAMUX1_OVR_IRQHandler
                0x0000000008001d00                DMA1_Stream1_IRQHandler
                0x0000000008001d00                TIM16_IRQHandler
                0x0000000008001d00                UART4_IRQHandler
                0x0000000008001d00                BDMA_Channel5_IRQHandler
                0x0000000008001d00                RCC_IRQHandler
                0x0000000008001d00                TIM8_BRK_TIM12_IRQHandler
                0x0000000008001d00                TIM1_TRG_COM_IRQHandler
                0x0000000008001d00                Default_Handler
                0x0000000008001d00                ECC_IRQHandler
                0x0000000008001d00                CEC_IRQHandler
                0x0000000008001d00                EXTI15_10_IRQHandler
                0x0000000008001d00                BDMA_Channel0_IRQHandler
                0x0000000008001d00                ADC_IRQHandler
                0x0000000008001d00                DMA1_Stream7_IRQHandler
                0x0000000008001d00                HRTIM1_TIMA_IRQHandler
                0x0000000008001d00                SPI5_IRQHandler
                0x0000000008001d00                TIM7_IRQHandler
                0x0000000008001d00                SDMMC1_IRQHandler
                0x0000000008001d00                TIM5_IRQHandler
                0x0000000008001d00                DMA2_Stream7_IRQHandler
                0x0000000008001d00                TIM15_IRQHandler
                0x0000000008001d00                PVD_AVD_IRQHandler
                0x0000000008001d00                I2C3_EV_IRQHandler
                0x0000000008001d00                EXTI9_5_IRQHandler
                0x0000000008001d00                RTC_WKUP_IRQHandler
                0x0000000008001d00                SAI3_IRQHandler
                0x0000000008001d00                ETH_WKUP_IRQHandler
                0x0000000008001d00                SPDIF_RX_IRQHandler
                0x0000000008001d00                SPI2_IRQHandler
                0x0000000008001d00                OTG_HS_EP1_IN_IRQHandler
                0x0000000008001d00                DMA1_Stream0_IRQHandler
                0x0000000008001d00                CRS_IRQHandler
                0x0000000008001d00                EXTI4_IRQHandler
                0x0000000008001d00                RNG_IRQHandler
                0x0000000008001d00                HRTIM1_TIMB_IRQHandler
                0x0000000008001d00                FDCAN2_IT1_IRQHandler
                0x0000000008001d00                ETH_IRQHandler
                0x0000000008001d00                TIM1_UP_IRQHandler
                0x0000000008001d00                BDMA_Channel4_IRQHandler
                0x0000000008001d00                OTG_HS_EP1_OUT_IRQHandler
                0x0000000008001d00                WWDG_IRQHandler
                0x0000000008001d00                SPI6_IRQHandler
                0x0000000008001d00                MDIOS_IRQHandler
                0x0000000008001d00                I2C4_EV_IRQHandler
                0x0000000008001d00                FDCAN2_IT0_IRQHandler
                0x0000000008001d00                LPUART1_IRQHandler
                0x0000000008001d00                FDCAN1_IT0_IRQHandler
                0x0000000008001d00                TIM2_IRQHandler
                0x0000000008001d00                OTG_FS_WKUP_IRQHandler
                0x0000000008001d00                OTG_HS_IRQHandler
                0x0000000008001d00                TIM1_BRK_IRQHandler
                0x0000000008001d00                EXTI1_IRQHandler
                0x0000000008001d00                SDMMC2_IRQHandler
                0x0000000008001d00                OTG_FS_EP1_OUT_IRQHandler
                0x0000000008001d00                BDMA_Channel3_IRQHandler
                0x0000000008001d00                UART7_IRQHandler
                0x0000000008001d00                MDIOS_WKUP_IRQHandler
                0x0000000008001d00                DFSDM1_FLT0_IRQHandler
                0x0000000008001d00                SAI4_IRQHandler
                0x0000000008001d00                I2C2_ER_IRQHandler
                0x0000000008001d00                DMA2_Stream1_IRQHandler
                0x0000000008001d00                FLASH_IRQHandler
                0x0000000008001d00                DMA2_Stream4_IRQHandler
                0x0000000008001d00                OTG_FS_IRQHandler
                0x0000000008001d00                SPI3_IRQHandler
                0x0000000008001d00                WAKEUP_PIN_IRQHandler
                0x0000000008001d00                DMA1_Stream4_IRQHandler
                0x0000000008001d00                OTG_FS_EP1_IN_IRQHandler
                0x0000000008001d00                I2C1_ER_IRQHandler
                0x0000000008001d00                FMC_IRQHandler
                0x0000000008001d00                FDCAN_CAL_IRQHandler
                0x0000000008001d00                SWPMI1_IRQHandler
                0x0000000008001d00                COMP1_IRQHandler
                0x0000000008001d00                LPTIM1_IRQHandler
                0x0000000008001d00                I2C4_ER_IRQHandler
                0x0000000008001d00                DMA2_Stream6_IRQHandler
                0x0000000008001d00                SAI1_IRQHandler
                0x0000000008001d00                DMA1_Stream3_IRQHandler
 *fill*         0x0000000008001d02        0x2 
 .text.HAL_Init
                0x0000000008001d04       0x78 ./Drivers/STM32H7xx_HAL_Driver/Src/stm32h7xx_hal.o
                0x0000000008001d04                HAL_Init
 .text.HAL_InitTick
                0x0000000008001d7c       0x6c ./Drivers/STM32H7xx_HAL_Driver/Src/stm32h7xx_hal.o
                0x0000000008001d7c                HAL_InitTick
 .text.HAL_IncTick
                0x0000000008001de8       0x28 ./Drivers/STM32H7xx_HAL_Driver/Src/stm32h7xx_hal.o
                0x0000000008001de8                HAL_IncTick
 .text.HAL_GetTick
                0x0000000008001e10       0x18 ./Drivers/STM32H7xx_HAL_Driver/Src/stm32h7xx_hal.o
                0x0000000008001e10                HAL_GetTick
 .text.HAL_GetREVID
                0x0000000008001e28       0x18 ./Drivers/STM32H7xx_HAL_Driver/Src/stm32h7xx_hal.o
                0x0000000008001e28                HAL_GetREVID
 .text.__NVIC_SetPriorityGrouping
                0x0000000008001e40       0x48 ./Drivers/STM32H7xx_HAL_Driver/Src/stm32h7xx_hal_cortex.o
 .text.__NVIC_GetPriorityGrouping
                0x0000000008001e88       0x1c ./Drivers/STM32H7xx_HAL_Driver/Src/stm32h7xx_hal_cortex.o
 .text.__NVIC_EnableIRQ
                0x0000000008001ea4       0x3c ./Drivers/STM32H7xx_HAL_Driver/Src/stm32h7xx_hal_cortex.o
 .text.__NVIC_SetPriority
                0x0000000008001ee0       0x54 ./Drivers/STM32H7xx_HAL_Driver/Src/stm32h7xx_hal_cortex.o
 .text.NVIC_EncodePriority
                0x0000000008001f34       0x66 ./Drivers/STM32H7xx_HAL_Driver/Src/stm32h7xx_hal_cortex.o
 *fill*         0x0000000008001f9a        0x2 
 .text.SysTick_Config
                0x0000000008001f9c       0x44 ./Drivers/STM32H7xx_HAL_Driver/Src/stm32h7xx_hal_cortex.o
 .text.HAL_NVIC_SetPriorityGrouping
                0x0000000008001fe0       0x16 ./Drivers/STM32H7xx_HAL_Driver/Src/stm32h7xx_hal_cortex.o
                0x0000000008001fe0                HAL_NVIC_SetPriorityGrouping
 .text.HAL_NVIC_SetPriority
                0x0000000008001ff6       0x34 ./Drivers/STM32H7xx_HAL_Driver/Src/stm32h7xx_hal_cortex.o
                0x0000000008001ff6                HAL_NVIC_SetPriority
 .text.HAL_NVIC_EnableIRQ
                0x000000000800202a       0x1c ./Drivers/STM32H7xx_HAL_Driver/Src/stm32h7xx_hal_cortex.o
                0x000000000800202a                HAL_NVIC_EnableIRQ
 .text.HAL_SYSTICK_Config
                0x0000000008002046       0x18 ./Drivers/STM32H7xx_HAL_Driver/Src/stm32h7xx_hal_cortex.o
                0x0000000008002046                HAL_SYSTICK_Config
 *fill*         0x000000000800205e        0x2 
 .text.HAL_SYSTICK_CLKSourceConfig
                0x0000000008002060       0x38 ./Drivers/STM32H7xx_HAL_Driver/Src/stm32h7xx_hal_cortex.o
                0x0000000008002060                HAL_SYSTICK_CLKSourceConfig
 .text.HAL_DMA_Abort
                0x0000000008002098      0x63c ./Drivers/STM32H7xx_HAL_Driver/Src/stm32h7xx_hal_dma.o
                0x0000000008002098                HAL_DMA_Abort
 .text.HAL_DMA_Abort_IT
                0x00000000080026d4      0x48c ./Drivers/STM32H7xx_HAL_Driver/Src/stm32h7xx_hal_dma.o
                0x00000000080026d4                HAL_DMA_Abort_IT
 .text.HAL_DMA2D_Init
                0x0000000008002b60       0xc8 ./Drivers/STM32H7xx_HAL_Driver/Src/stm32h7xx_hal_dma2d.o
                0x0000000008002b60                HAL_DMA2D_Init
 .text.HAL_DMA2D_IRQHandler
                0x0000000008002c28      0x1f8 ./Drivers/STM32H7xx_HAL_Driver/Src/stm32h7xx_hal_dma2d.o
                0x0000000008002c28                HAL_DMA2D_IRQHandler
 .text.HAL_DMA2D_LineEventCallback
                0x0000000008002e20       0x14 ./Drivers/STM32H7xx_HAL_Driver/Src/stm32h7xx_hal_dma2d.o
                0x0000000008002e20                HAL_DMA2D_LineEventCallback
 .text.HAL_DMA2D_CLUTLoadingCpltCallback
                0x0000000008002e34       0x14 ./Drivers/STM32H7xx_HAL_Driver/Src/stm32h7xx_hal_dma2d.o
                0x0000000008002e34                HAL_DMA2D_CLUTLoadingCpltCallback
 .text.HAL_DMA2D_ConfigLayer
                0x0000000008002e48      0x15c ./Drivers/STM32H7xx_HAL_Driver/Src/stm32h7xx_hal_dma2d.o
                0x0000000008002e48                HAL_DMA2D_ConfigLayer
 .text.HAL_GPIO_Init
                0x0000000008002fa4      0x360 ./Drivers/STM32H7xx_HAL_Driver/Src/stm32h7xx_hal_gpio.o
                0x0000000008002fa4                HAL_GPIO_Init
 .text.HAL_GPIO_ReadPin
                0x0000000008003304       0x30 ./Drivers/STM32H7xx_HAL_Driver/Src/stm32h7xx_hal_gpio.o
                0x0000000008003304                HAL_GPIO_ReadPin
 .text.HAL_GPIO_WritePin
                0x0000000008003334       0x32 ./Drivers/STM32H7xx_HAL_Driver/Src/stm32h7xx_hal_gpio.o
                0x0000000008003334                HAL_GPIO_WritePin
 *fill*         0x0000000008003366        0x2 
 .text.HAL_LTDC_Init
                0x0000000008003368      0x1a0 ./Drivers/STM32H7xx_HAL_Driver/Src/stm32h7xx_hal_ltdc.o
                0x0000000008003368                HAL_LTDC_Init
 .text.HAL_LTDC_IRQHandler
                0x0000000008003508      0x148 ./Drivers/STM32H7xx_HAL_Driver/Src/stm32h7xx_hal_ltdc.o
                0x0000000008003508                HAL_LTDC_IRQHandler
 .text.HAL_LTDC_ErrorCallback
                0x0000000008003650       0x14 ./Drivers/STM32H7xx_HAL_Driver/Src/stm32h7xx_hal_ltdc.o
                0x0000000008003650                HAL_LTDC_ErrorCallback
 .text.HAL_LTDC_LineEventCallback
                0x0000000008003664       0x14 ./Drivers/STM32H7xx_HAL_Driver/Src/stm32h7xx_hal_ltdc.o
                0x0000000008003664                HAL_LTDC_LineEventCallback
 .text.HAL_LTDC_ReloadEventCallback
                0x0000000008003678       0x14 ./Drivers/STM32H7xx_HAL_Driver/Src/stm32h7xx_hal_ltdc.o
                0x0000000008003678                HAL_LTDC_ReloadEventCallback
 .text.HAL_LTDC_ConfigLayer
                0x000000000800368c       0x7c ./Drivers/STM32H7xx_HAL_Driver/Src/stm32h7xx_hal_ltdc.o
                0x000000000800368c                HAL_LTDC_ConfigLayer
 .text.LTDC_SetConfig
                0x0000000008003708      0x334 ./Drivers/STM32H7xx_HAL_Driver/Src/stm32h7xx_hal_ltdc.o
 .text.HAL_PWREx_ConfigSupply
                0x0000000008003a3c       0x74 ./Drivers/STM32H7xx_HAL_Driver/Src/stm32h7xx_hal_pwr_ex.o
                0x0000000008003a3c                HAL_PWREx_ConfigSupply
 .text.HAL_QSPI_Init
                0x0000000008003ab0       0xe8 ./Drivers/STM32H7xx_HAL_Driver/Src/stm32h7xx_hal_qspi.o
                0x0000000008003ab0                HAL_QSPI_Init
 .text.HAL_QSPI_Command
                0x0000000008003b98       0xbc ./Drivers/STM32H7xx_HAL_Driver/Src/stm32h7xx_hal_qspi.o
                0x0000000008003b98                HAL_QSPI_Command
 .text.HAL_QSPI_Transmit
                0x0000000008003c54      0x124 ./Drivers/STM32H7xx_HAL_Driver/Src/stm32h7xx_hal_qspi.o
                0x0000000008003c54                HAL_QSPI_Transmit
 .text.HAL_QSPI_Receive
                0x0000000008003d78      0x13a ./Drivers/STM32H7xx_HAL_Driver/Src/stm32h7xx_hal_qspi.o
                0x0000000008003d78                HAL_QSPI_Receive
 .text.HAL_QSPI_SetTimeout
                0x0000000008003eb2       0x1c ./Drivers/STM32H7xx_HAL_Driver/Src/stm32h7xx_hal_qspi.o
                0x0000000008003eb2                HAL_QSPI_SetTimeout
 .text.QSPI_WaitFlagStateUntilTimeout
                0x0000000008003ece       0x6e ./Drivers/STM32H7xx_HAL_Driver/Src/stm32h7xx_hal_qspi.o
 .text.QSPI_Config
                0x0000000008003f3c      0x30c ./Drivers/STM32H7xx_HAL_Driver/Src/stm32h7xx_hal_qspi.o
 .text.HAL_RCC_OscConfig
                0x0000000008004248      0x8b4 ./Drivers/STM32H7xx_HAL_Driver/Src/stm32h7xx_hal_rcc.o
                0x0000000008004248                HAL_RCC_OscConfig
 .text.HAL_RCC_ClockConfig
                0x0000000008004afc      0x36c ./Drivers/STM32H7xx_HAL_Driver/Src/stm32h7xx_hal_rcc.o
                0x0000000008004afc                HAL_RCC_ClockConfig
 .text.HAL_RCC_GetSysClockFreq
                0x0000000008004e68      0x2f4 ./Drivers/STM32H7xx_HAL_Driver/Src/stm32h7xx_hal_rcc.o
                0x0000000008004e68                HAL_RCC_GetSysClockFreq
 .text.HAL_RCC_GetHCLKFreq
                0x000000000800515c       0x60 ./Drivers/STM32H7xx_HAL_Driver/Src/stm32h7xx_hal_rcc.o
                0x000000000800515c                HAL_RCC_GetHCLKFreq
 .text.HAL_RCC_GetPCLK1Freq
                0x00000000080051bc       0x2c ./Drivers/STM32H7xx_HAL_Driver/Src/stm32h7xx_hal_rcc.o
                0x00000000080051bc                HAL_RCC_GetPCLK1Freq
 .text.HAL_RCC_GetPCLK2Freq
                0x00000000080051e8       0x2c ./Drivers/STM32H7xx_HAL_Driver/Src/stm32h7xx_hal_rcc.o
                0x00000000080051e8                HAL_RCC_GetPCLK2Freq
 .text.HAL_RCCEx_PeriphCLKConfig
                0x0000000008005214     0x1414 ./Drivers/STM32H7xx_HAL_Driver/Src/stm32h7xx_hal_rcc_ex.o
                0x0000000008005214                HAL_RCCEx_PeriphCLKConfig
 .text.HAL_RCCEx_GetD3PCLK1Freq
                0x0000000008006628       0x2c ./Drivers/STM32H7xx_HAL_Driver/Src/stm32h7xx_hal_rcc_ex.o
                0x0000000008006628                HAL_RCCEx_GetD3PCLK1Freq
 .text.HAL_RCCEx_GetPLL2ClockFreq
                0x0000000008006654      0x2a8 ./Drivers/STM32H7xx_HAL_Driver/Src/stm32h7xx_hal_rcc_ex.o
                0x0000000008006654                HAL_RCCEx_GetPLL2ClockFreq
 .text.HAL_RCCEx_GetPLL3ClockFreq
                0x00000000080068fc      0x2a8 ./Drivers/STM32H7xx_HAL_Driver/Src/stm32h7xx_hal_rcc_ex.o
                0x00000000080068fc                HAL_RCCEx_GetPLL3ClockFreq
 .text.RCCEx_PLL2_Config
                0x0000000008006ba4      0x164 ./Drivers/STM32H7xx_HAL_Driver/Src/stm32h7xx_hal_rcc_ex.o
 .text.RCCEx_PLL3_Config
                0x0000000008006d08      0x164 ./Drivers/STM32H7xx_HAL_Driver/Src/stm32h7xx_hal_rcc_ex.o
 .text.HAL_SDRAM_Init
                0x0000000008006e6c       0x78 ./Drivers/STM32H7xx_HAL_Driver/Src/stm32h7xx_hal_sdram.o
                0x0000000008006e6c                HAL_SDRAM_Init
 .text.HAL_SDRAM_SendCommand
                0x0000000008006ee4       0x6a ./Drivers/STM32H7xx_HAL_Driver/Src/stm32h7xx_hal_sdram.o
                0x0000000008006ee4                HAL_SDRAM_SendCommand
 .text.HAL_SDRAM_ProgramRefreshRate
                0x0000000008006f4e       0x50 ./Drivers/STM32H7xx_HAL_Driver/Src/stm32h7xx_hal_sdram.o
                0x0000000008006f4e                HAL_SDRAM_ProgramRefreshRate
 .text.HAL_TIM_Base_Init
                0x0000000008006f9e       0xae ./Drivers/STM32H7xx_HAL_Driver/Src/stm32h7xx_hal_tim.o
                0x0000000008006f9e                HAL_TIM_Base_Init
 .text.HAL_TIM_IRQHandler
                0x000000000800704c      0x23e ./Drivers/STM32H7xx_HAL_Driver/Src/stm32h7xx_hal_tim.o
                0x000000000800704c                HAL_TIM_IRQHandler
 *fill*         0x000000000800728a        0x2 
 .text.HAL_TIM_ConfigClockSource
                0x000000000800728c      0x1f0 ./Drivers/STM32H7xx_HAL_Driver/Src/stm32h7xx_hal_tim.o
                0x000000000800728c                HAL_TIM_ConfigClockSource
 .text.HAL_TIM_PeriodElapsedCallback
                0x000000000800747c       0x14 ./Drivers/STM32H7xx_HAL_Driver/Src/stm32h7xx_hal_tim.o
                0x000000000800747c                HAL_TIM_PeriodElapsedCallback
 .text.HAL_TIM_OC_DelayElapsedCallback
                0x0000000008007490       0x14 ./Drivers/STM32H7xx_HAL_Driver/Src/stm32h7xx_hal_tim.o
                0x0000000008007490                HAL_TIM_OC_DelayElapsedCallback
 .text.HAL_TIM_IC_CaptureCallback
                0x00000000080074a4       0x14 ./Drivers/STM32H7xx_HAL_Driver/Src/stm32h7xx_hal_tim.o
                0x00000000080074a4                HAL_TIM_IC_CaptureCallback
 .text.HAL_TIM_PWM_PulseFinishedCallback
                0x00000000080074b8       0x14 ./Drivers/STM32H7xx_HAL_Driver/Src/stm32h7xx_hal_tim.o
                0x00000000080074b8                HAL_TIM_PWM_PulseFinishedCallback
 .text.HAL_TIM_TriggerCallback
                0x00000000080074cc       0x14 ./Drivers/STM32H7xx_HAL_Driver/Src/stm32h7xx_hal_tim.o
                0x00000000080074cc                HAL_TIM_TriggerCallback
 .text.TIM_Base_SetConfig
                0x00000000080074e0      0x134 ./Drivers/STM32H7xx_HAL_Driver/Src/stm32h7xx_hal_tim.o
                0x00000000080074e0                TIM_Base_SetConfig
 .text.TIM_TI1_ConfigInputStage
                0x0000000008007614       0x5e ./Drivers/STM32H7xx_HAL_Driver/Src/stm32h7xx_hal_tim.o
 .text.TIM_TI2_ConfigInputStage
                0x0000000008007672       0x60 ./Drivers/STM32H7xx_HAL_Driver/Src/stm32h7xx_hal_tim.o
 *fill*         0x00000000080076d2        0x2 
 .text.TIM_ITRx_SetConfig
                0x00000000080076d4       0x3c ./Drivers/STM32H7xx_HAL_Driver/Src/stm32h7xx_hal_tim.o
 .text.TIM_ETR_SetConfig
                0x0000000008007710       0x40 ./Drivers/STM32H7xx_HAL_Driver/Src/stm32h7xx_hal_tim.o
                0x0000000008007710                TIM_ETR_SetConfig
 .text.HAL_TIMEx_MasterConfigSynchronization
                0x0000000008007750      0x11c ./Drivers/STM32H7xx_HAL_Driver/Src/stm32h7xx_hal_tim_ex.o
                0x0000000008007750                HAL_TIMEx_MasterConfigSynchronization
 .text.HAL_TIMEx_CommutCallback
                0x000000000800786c       0x14 ./Drivers/STM32H7xx_HAL_Driver/Src/stm32h7xx_hal_tim_ex.o
                0x000000000800786c                HAL_TIMEx_CommutCallback
 .text.HAL_TIMEx_BreakCallback
                0x0000000008007880       0x14 ./Drivers/STM32H7xx_HAL_Driver/Src/stm32h7xx_hal_tim_ex.o
                0x0000000008007880                HAL_TIMEx_BreakCallback
 .text.HAL_TIMEx_Break2Callback
                0x0000000008007894       0x14 ./Drivers/STM32H7xx_HAL_Driver/Src/stm32h7xx_hal_tim_ex.o
                0x0000000008007894                HAL_TIMEx_Break2Callback
 .text.HAL_UART_Init
                0x00000000080078a8       0xa0 ./Drivers/STM32H7xx_HAL_Driver/Src/stm32h7xx_hal_uart.o
                0x00000000080078a8                HAL_UART_Init
 .text.HAL_UART_Transmit
                0x0000000008007948      0x11c ./Drivers/STM32H7xx_HAL_Driver/Src/stm32h7xx_hal_uart.o
                0x0000000008007948                HAL_UART_Transmit
 .text.HAL_UART_Transmit_IT
                0x0000000008007a64      0x128 ./Drivers/STM32H7xx_HAL_Driver/Src/stm32h7xx_hal_uart.o
                0x0000000008007a64                HAL_UART_Transmit_IT
 .text.HAL_UART_Receive_IT
                0x0000000008007b8c       0x98 ./Drivers/STM32H7xx_HAL_Driver/Src/stm32h7xx_hal_uart.o
                0x0000000008007b8c                HAL_UART_Receive_IT
 .text.HAL_UART_IRQHandler
                0x0000000008007c24      0x774 ./Drivers/STM32H7xx_HAL_Driver/Src/stm32h7xx_hal_uart.o
                0x0000000008007c24                HAL_UART_IRQHandler
 .text.HAL_UART_TxCpltCallback
                0x0000000008008398       0x14 ./Drivers/STM32H7xx_HAL_Driver/Src/stm32h7xx_hal_uart.o
                0x0000000008008398                HAL_UART_TxCpltCallback
 .text.HAL_UART_ErrorCallback
                0x00000000080083ac       0x14 ./Drivers/STM32H7xx_HAL_Driver/Src/stm32h7xx_hal_uart.o
                0x00000000080083ac                HAL_UART_ErrorCallback
 .text.HAL_UARTEx_RxEventCallback
                0x00000000080083c0       0x18 ./Drivers/STM32H7xx_HAL_Driver/Src/stm32h7xx_hal_uart.o
                0x00000000080083c0                HAL_UARTEx_RxEventCallback
 .text.UART_SetConfig
                0x00000000080083d8      0xad0 ./Drivers/STM32H7xx_HAL_Driver/Src/stm32h7xx_hal_uart.o
                0x00000000080083d8                UART_SetConfig
 .text.UART_AdvFeatureConfig
                0x0000000008008ea8      0x144 ./Drivers/STM32H7xx_HAL_Driver/Src/stm32h7xx_hal_uart.o
                0x0000000008008ea8                UART_AdvFeatureConfig
 .text.UART_CheckIdleState
                0x0000000008008fec      0x154 ./Drivers/STM32H7xx_HAL_Driver/Src/stm32h7xx_hal_uart.o
                0x0000000008008fec                UART_CheckIdleState
 .text.UART_WaitOnFlagUntilTimeout
                0x0000000008009140       0xce ./Drivers/STM32H7xx_HAL_Driver/Src/stm32h7xx_hal_uart.o
                0x0000000008009140                UART_WaitOnFlagUntilTimeout
 *fill*         0x000000000800920e        0x2 
 .text.UART_Start_Receive_IT
                0x0000000008009210      0x244 ./Drivers/STM32H7xx_HAL_Driver/Src/stm32h7xx_hal_uart.o
                0x0000000008009210                UART_Start_Receive_IT
 .text.UART_EndRxTransfer
                0x0000000008009454       0xcc ./Drivers/STM32H7xx_HAL_Driver/Src/stm32h7xx_hal_uart.o
 .text.UART_DMAAbortOnError
                0x0000000008009520       0x2c ./Drivers/STM32H7xx_HAL_Driver/Src/stm32h7xx_hal_uart.o
 .text.UART_TxISR_8BIT
                0x000000000800954c       0xb8 ./Drivers/STM32H7xx_HAL_Driver/Src/stm32h7xx_hal_uart.o
 .text.UART_TxISR_16BIT
                0x0000000008009604       0xc2 ./Drivers/STM32H7xx_HAL_Driver/Src/stm32h7xx_hal_uart.o
 .text.UART_TxISR_8BIT_FIFOEN
                0x00000000080096c6       0xe0 ./Drivers/STM32H7xx_HAL_Driver/Src/stm32h7xx_hal_uart.o
 .text.UART_TxISR_16BIT_FIFOEN
                0x00000000080097a6       0xea ./Drivers/STM32H7xx_HAL_Driver/Src/stm32h7xx_hal_uart.o
 .text.UART_EndTransmit_IT
                0x0000000008009890       0x56 ./Drivers/STM32H7xx_HAL_Driver/Src/stm32h7xx_hal_uart.o
 *fill*         0x00000000080098e6        0x2 
 .text.UART_RxISR_8BIT
                0x00000000080098e8      0x1b8 ./Drivers/STM32H7xx_HAL_Driver/Src/stm32h7xx_hal_uart.o
 .text.UART_RxISR_16BIT
                0x0000000008009aa0      0x1b8 ./Drivers/STM32H7xx_HAL_Driver/Src/stm32h7xx_hal_uart.o
 .text.UART_RxISR_8BIT_FIFOEN
                0x0000000008009c58      0x360 ./Drivers/STM32H7xx_HAL_Driver/Src/stm32h7xx_hal_uart.o
 .text.UART_RxISR_16BIT_FIFOEN
                0x0000000008009fb8      0x368 ./Drivers/STM32H7xx_HAL_Driver/Src/stm32h7xx_hal_uart.o
 .text.HAL_UARTEx_WakeupCallback
                0x000000000800a320       0x14 ./Drivers/STM32H7xx_HAL_Driver/Src/stm32h7xx_hal_uart_ex.o
                0x000000000800a320                HAL_UARTEx_WakeupCallback
 .text.HAL_UARTEx_RxFifoFullCallback
                0x000000000800a334       0x14 ./Drivers/STM32H7xx_HAL_Driver/Src/stm32h7xx_hal_uart_ex.o
                0x000000000800a334                HAL_UARTEx_RxFifoFullCallback
 .text.HAL_UARTEx_TxFifoEmptyCallback
                0x000000000800a348       0x14 ./Drivers/STM32H7xx_HAL_Driver/Src/stm32h7xx_hal_uart_ex.o
                0x000000000800a348                HAL_UARTEx_TxFifoEmptyCallback
 .text.HAL_UARTEx_DisableFifoMode
                0x000000000800a35c       0x72 ./Drivers/STM32H7xx_HAL_Driver/Src/stm32h7xx_hal_uart_ex.o
                0x000000000800a35c                HAL_UARTEx_DisableFifoMode
 .text.HAL_UARTEx_SetTxFifoThreshold
                0x000000000800a3ce       0x7c ./Drivers/STM32H7xx_HAL_Driver/Src/stm32h7xx_hal_uart_ex.o
                0x000000000800a3ce                HAL_UARTEx_SetTxFifoThreshold
 .text.HAL_UARTEx_SetRxFifoThreshold
                0x000000000800a44a       0x7c ./Drivers/STM32H7xx_HAL_Driver/Src/stm32h7xx_hal_uart_ex.o
                0x000000000800a44a                HAL_UARTEx_SetRxFifoThreshold
 *fill*         0x000000000800a4c6        0x2 
 .text.UARTEx_SetNbDataToProcess
                0x000000000800a4c8       0x9c ./Drivers/STM32H7xx_HAL_Driver/Src/stm32h7xx_hal_uart_ex.o
 .text.FMC_SDRAM_Init
                0x000000000800a564       0xb8 ./Drivers/STM32H7xx_HAL_Driver/Src/stm32h7xx_ll_fmc.o
                0x000000000800a564                FMC_SDRAM_Init
 .text.FMC_SDRAM_Timing_Init
                0x000000000800a61c       0xd4 ./Drivers/STM32H7xx_HAL_Driver/Src/stm32h7xx_ll_fmc.o
                0x000000000800a61c                FMC_SDRAM_Timing_Init
 .text.FMC_SDRAM_SendCommand
                0x000000000800a6f0       0x48 ./Drivers/STM32H7xx_HAL_Driver/Src/stm32h7xx_ll_fmc.o
                0x000000000800a6f0                FMC_SDRAM_SendCommand
 .text.FMC_SDRAM_ProgramRefreshRate
                0x000000000800a738       0x30 ./Drivers/STM32H7xx_HAL_Driver/Src/stm32h7xx_ll_fmc.o
                0x000000000800a738                FMC_SDRAM_ProgramRefreshRate
 .text.dma2d_transfer_data_r2m
                0x000000000800a768       0x6c ./user_app/TFTLCD.o
 .text.TFTLCD_clear
                0x000000000800a7d4       0x28 ./user_app/TFTLCD.o
                0x000000000800a7d4                TFTLCD_clear
 .text.lcd_draw_point
                0x000000000800a7fc       0x52 ./user_app/TFTLCD.o
                0x000000000800a7fc                lcd_draw_point
 .text.lcd_draw_circle
                0x000000000800a84e      0x16e ./user_app/TFTLCD.o
                0x000000000800a84e                lcd_draw_circle
 .text.lcd_draw_circle_fill
                0x000000000800a9bc       0x48 ./user_app/TFTLCD.o
                0x000000000800a9bc                lcd_draw_circle_fill
 .text.change_color
                0x000000000800aa04       0xd4 ./user_app/tft_lcd_draw.o
                0x000000000800aa04                change_color
 .text.tft_lcd_draw
                0x000000000800aad8      0x18c ./user_app/tft_lcd_draw.o
                0x000000000800aad8                tft_lcd_draw
 .text.QSPI_Send_CMD
                0x000000000800ac64       0x58 ./user_bsp/QSPI_flash.o
                0x000000000800ac64                QSPI_Send_CMD
 .text.QSPI_Receive
                0x000000000800acbc       0x38 ./user_bsp/QSPI_flash.o
                0x000000000800acbc                QSPI_Receive
 .text.QSPI_Transmit
                0x000000000800acf4       0x38 ./user_bsp/QSPI_flash.o
                0x000000000800acf4                QSPI_Transmit
 .text.W25QXX_ReadSR
                0x000000000800ad2c       0x9c ./user_bsp/QSPI_flash.o
                0x000000000800ad2c                W25QXX_ReadSR
 .text.W25QXX_Write_SR
                0x000000000800adc8       0x98 ./user_bsp/QSPI_flash.o
                0x000000000800adc8                W25QXX_Write_SR
 .text.W25QXX_Qspi_Enable
                0x000000000800ae60       0x5c ./user_bsp/QSPI_flash.o
                0x000000000800ae60                W25QXX_Qspi_Enable
 .text.W25QXX_Write_Enable
                0x000000000800aebc       0x50 ./user_bsp/QSPI_flash.o
                0x000000000800aebc                W25QXX_Write_Enable
 .text.W25QXX_ReadID
                0x000000000800af0c       0x78 ./user_bsp/QSPI_flash.o
                0x000000000800af0c                W25QXX_ReadID
 .text.W25QXX_Init
                0x000000000800af84       0x90 ./user_bsp/QSPI_flash.o
                0x000000000800af84                W25QXX_Init
 .text.KEY_Scan
                0x000000000800b014      0x10c ./user_bsp/key_led.o
                0x000000000800b014                KEY_Scan
 .text.SDRAM_SendCommand
                0x000000000800b120       0x60 ./user_bsp/sdram.o
 .text.SDRAM_Init
                0x000000000800b180       0x58 ./user_bsp/sdram.o
                0x000000000800b180                SDRAM_Init
 .text.soft_IIC_Init
                0x000000000800b1d8       0x14 ./user_bsp/soft_IIC.o
                0x000000000800b1d8                soft_IIC_Init
 .text.iic_delay
                0x000000000800b1ec        0xe ./user_bsp/soft_IIC.o
 *fill*         0x000000000800b1fa        0x2 
 .text.iic_start
                0x000000000800b1fc       0x44 ./user_bsp/soft_IIC.o
                0x000000000800b1fc                iic_start
 .text.iic_stop
                0x000000000800b240       0x3c ./user_bsp/soft_IIC.o
                0x000000000800b240                iic_stop
 .text.iic_wait_ack
                0x000000000800b27c       0x70 ./user_bsp/soft_IIC.o
                0x000000000800b27c                iic_wait_ack
 .text.iic_ack  0x000000000800b2ec       0x48 ./user_bsp/soft_IIC.o
                0x000000000800b2ec                iic_ack
 .text.iic_nack
                0x000000000800b334       0x3c ./user_bsp/soft_IIC.o
                0x000000000800b334                iic_nack
 .text.iic_send_byte
                0x000000000800b370       0x78 ./user_bsp/soft_IIC.o
                0x000000000800b370                iic_send_byte
 .text.iic_read_byte
                0x000000000800b3e8       0x78 ./user_bsp/soft_IIC.o
                0x000000000800b3e8                iic_read_byte
 .text.touch_hw_reset
                0x000000000800b460       0xec ./user_bsp/touch.o
 .text.touch_write_reg
                0x000000000800b54c       0x98 ./user_bsp/touch.o
 .text.touch_read_reg
                0x000000000800b5e4       0xac ./user_bsp/touch.o
 .text.touch_sw_reset
                0x000000000800b690       0x38 ./user_bsp/touch.o
 .text.touch_get_pid
                0x000000000800b6c8       0x24 ./user_bsp/touch.o
 .text.touch_Scanf
                0x000000000800b6ec      0x110 ./user_bsp/touch.o
                0x000000000800b6ec                touch_Scanf
 .text.touch_init
                0x000000000800b7fc       0x24 ./user_bsp/touch.o
                0x000000000800b7fc                touch_init
 .text.user_delay_init
                0x000000000800b820       0x24 ./user_bsp/user_delay.o
                0x000000000800b820                user_delay_init
 .text.user_delay_us
                0x000000000800b844       0x7c ./user_bsp/user_delay.o
                0x000000000800b844                user_delay_us
 .text.user_delay_ms
                0x000000000800b8c0       0x6c ./user_bsp/user_delay.o
                0x000000000800b8c0                user_delay_ms
 .text.HAL_Delay
                0x000000000800b92c       0x1a ./user_bsp/user_delay.o
                0x000000000800b92c                HAL_Delay
 *fill*         0x000000000800b946        0x2 
 .text._write   0x000000000800b948       0x2c ./user_bsp/user_uart.o
                0x000000000800b948                _write
 .text.log_com_uart_init
                0x000000000800b974       0x28 ./user_bsp/user_uart.o
                0x000000000800b974                log_com_uart_init
 .text.HAL_UART_RxCpltCallback
                0x000000000800b99c       0x6c ./user_bsp/user_uart.o
                0x000000000800b99c                HAL_UART_RxCpltCallback
 .text.__cvt    0x000000000800ba08       0xa4 D:/ST/STM32CubeIDE_1.13.1/STM32CubeIDE/plugins/com.st.stm32cube.ide.mcu.externaltools.gnu-tools-for-stm32.11.3.rel1.win32_1.1.0.202305231506/tools/bin/../lib/gcc/arm-none-eabi/11.3.1/../../../../arm-none-eabi/lib/thumb/v7e-m+dp/hard\libc_nano.a(libc_a-nano-vfprintf_float.o)
                0x000000000800ba08                __cvt
 .text.__exponent
                0x000000000800baac       0x7c D:/ST/STM32CubeIDE_1.13.1/STM32CubeIDE/plugins/com.st.stm32cube.ide.mcu.externaltools.gnu-tools-for-stm32.11.3.rel1.win32_1.1.0.202305231506/tools/bin/../lib/gcc/arm-none-eabi/11.3.1/../../../../arm-none-eabi/lib/thumb/v7e-m+dp/hard\libc_nano.a(libc_a-nano-vfprintf_float.o)
                0x000000000800baac                __exponent
 .text._printf_float
                0x000000000800bb28      0x434 D:/ST/STM32CubeIDE_1.13.1/STM32CubeIDE/plugins/com.st.stm32cube.ide.mcu.externaltools.gnu-tools-for-stm32.11.3.rel1.win32_1.1.0.202305231506/tools/bin/../lib/gcc/arm-none-eabi/11.3.1/../../../../arm-none-eabi/lib/thumb/v7e-m+dp/hard\libc_nano.a(libc_a-nano-vfprintf_float.o)
                0x000000000800bb28                _printf_float
 .text._printf_common
                0x000000000800bf5c       0xda D:/ST/STM32CubeIDE_1.13.1/STM32CubeIDE/plugins/com.st.stm32cube.ide.mcu.externaltools.gnu-tools-for-stm32.11.3.rel1.win32_1.1.0.202305231506/tools/bin/../lib/gcc/arm-none-eabi/11.3.1/../../../../arm-none-eabi/lib/thumb/v7e-m+dp/hard\libc_nano.a(libc_a-nano-vfprintf_i.o)
                0x000000000800bf5c                _printf_common
 *fill*         0x000000000800c036        0x2 
 .text._printf_i
                0x000000000800c038      0x244 D:/ST/STM32CubeIDE_1.13.1/STM32CubeIDE/plugins/com.st.stm32cube.ide.mcu.externaltools.gnu-tools-for-stm32.11.3.rel1.win32_1.1.0.202305231506/tools/bin/../lib/gcc/arm-none-eabi/11.3.1/../../../../arm-none-eabi/lib/thumb/v7e-m+dp/hard\libc_nano.a(libc_a-nano-vfprintf_i.o)
                0x000000000800c038                _printf_i
 .text._scanf_float
                0x000000000800c27c      0x408 D:/ST/STM32CubeIDE_1.13.1/STM32CubeIDE/plugins/com.st.stm32cube.ide.mcu.externaltools.gnu-tools-for-stm32.11.3.rel1.win32_1.1.0.202305231506/tools/bin/../lib/gcc/arm-none-eabi/11.3.1/../../../../arm-none-eabi/lib/thumb/v7e-m+dp/hard\libc_nano.a(libc_a-nano-vfscanf_float.o)
                0x000000000800c27c                _scanf_float
 .text.std      0x000000000800c684       0x48 D:/ST/STM32CubeIDE_1.13.1/STM32CubeIDE/plugins/com.st.stm32cube.ide.mcu.externaltools.gnu-tools-for-stm32.11.3.rel1.win32_1.1.0.202305231506/tools/bin/../lib/gcc/arm-none-eabi/11.3.1/../../../../arm-none-eabi/lib/thumb/v7e-m+dp/hard\libc_nano.a(libc_a-findfp.o)
 .text.stdio_exit_handler
                0x000000000800c6cc       0x18 D:/ST/STM32CubeIDE_1.13.1/STM32CubeIDE/plugins/com.st.stm32cube.ide.mcu.externaltools.gnu-tools-for-stm32.11.3.rel1.win32_1.1.0.202305231506/tools/bin/../lib/gcc/arm-none-eabi/11.3.1/../../../../arm-none-eabi/lib/thumb/v7e-m+dp/hard\libc_nano.a(libc_a-findfp.o)
 .text.cleanup_stdio
                0x000000000800c6e4       0x40 D:/ST/STM32CubeIDE_1.13.1/STM32CubeIDE/plugins/com.st.stm32cube.ide.mcu.externaltools.gnu-tools-for-stm32.11.3.rel1.win32_1.1.0.202305231506/tools/bin/../lib/gcc/arm-none-eabi/11.3.1/../../../../arm-none-eabi/lib/thumb/v7e-m+dp/hard\libc_nano.a(libc_a-findfp.o)
 .text.global_stdio_init.part.0
                0x000000000800c724       0x3c D:/ST/STM32CubeIDE_1.13.1/STM32CubeIDE/plugins/com.st.stm32cube.ide.mcu.externaltools.gnu-tools-for-stm32.11.3.rel1.win32_1.1.0.202305231506/tools/bin/../lib/gcc/arm-none-eabi/11.3.1/../../../../arm-none-eabi/lib/thumb/v7e-m+dp/hard\libc_nano.a(libc_a-findfp.o)
 .text.__sfp_lock_acquire
                0x000000000800c760        0xc D:/ST/STM32CubeIDE_1.13.1/STM32CubeIDE/plugins/com.st.stm32cube.ide.mcu.externaltools.gnu-tools-for-stm32.11.3.rel1.win32_1.1.0.202305231506/tools/bin/../lib/gcc/arm-none-eabi/11.3.1/../../../../arm-none-eabi/lib/thumb/v7e-m+dp/hard\libc_nano.a(libc_a-findfp.o)
                0x000000000800c760                __sfp_lock_acquire
 .text.__sfp_lock_release
                0x000000000800c76c        0xc D:/ST/STM32CubeIDE_1.13.1/STM32CubeIDE/plugins/com.st.stm32cube.ide.mcu.externaltools.gnu-tools-for-stm32.11.3.rel1.win32_1.1.0.202305231506/tools/bin/../lib/gcc/arm-none-eabi/11.3.1/../../../../arm-none-eabi/lib/thumb/v7e-m+dp/hard\libc_nano.a(libc_a-findfp.o)
                0x000000000800c76c                __sfp_lock_release
 .text.__sinit  0x000000000800c778       0x30 D:/ST/STM32CubeIDE_1.13.1/STM32CubeIDE/plugins/com.st.stm32cube.ide.mcu.externaltools.gnu-tools-for-stm32.11.3.rel1.win32_1.1.0.202305231506/tools/bin/../lib/gcc/arm-none-eabi/11.3.1/../../../../arm-none-eabi/lib/thumb/v7e-m+dp/hard\libc_nano.a(libc_a-findfp.o)
                0x000000000800c778                __sinit
 .text._fwalk_sglue
                0x000000000800c7a8       0x3c D:/ST/STM32CubeIDE_1.13.1/STM32CubeIDE/plugins/com.st.stm32cube.ide.mcu.externaltools.gnu-tools-for-stm32.11.3.rel1.win32_1.1.0.202305231506/tools/bin/../lib/gcc/arm-none-eabi/11.3.1/../../../../arm-none-eabi/lib/thumb/v7e-m+dp/hard\libc_nano.a(libc_a-fwalk.o)
                0x000000000800c7a8                _fwalk_sglue
 .text.sprintf  0x000000000800c7e4       0x40 D:/ST/STM32CubeIDE_1.13.1/STM32CubeIDE/plugins/com.st.stm32cube.ide.mcu.externaltools.gnu-tools-for-stm32.11.3.rel1.win32_1.1.0.202305231506/tools/bin/../lib/gcc/arm-none-eabi/11.3.1/../../../../arm-none-eabi/lib/thumb/v7e-m+dp/hard\libc_nano.a(libc_a-sprintf.o)
                0x000000000800c7e4                siprintf
                0x000000000800c7e4                sprintf
 .text.__sread  0x000000000800c824       0x22 D:/ST/STM32CubeIDE_1.13.1/STM32CubeIDE/plugins/com.st.stm32cube.ide.mcu.externaltools.gnu-tools-for-stm32.11.3.rel1.win32_1.1.0.202305231506/tools/bin/../lib/gcc/arm-none-eabi/11.3.1/../../../../arm-none-eabi/lib/thumb/v7e-m+dp/hard\libc_nano.a(libc_a-stdio.o)
                0x000000000800c824                __sread
 .text.__swrite
                0x000000000800c846       0x38 D:/ST/STM32CubeIDE_1.13.1/STM32CubeIDE/plugins/com.st.stm32cube.ide.mcu.externaltools.gnu-tools-for-stm32.11.3.rel1.win32_1.1.0.202305231506/tools/bin/../lib/gcc/arm-none-eabi/11.3.1/../../../../arm-none-eabi/lib/thumb/v7e-m+dp/hard\libc_nano.a(libc_a-stdio.o)
                0x000000000800c846                __swrite
 .text.__sseek  0x000000000800c87e       0x24 D:/ST/STM32CubeIDE_1.13.1/STM32CubeIDE/plugins/com.st.stm32cube.ide.mcu.externaltools.gnu-tools-for-stm32.11.3.rel1.win32_1.1.0.202305231506/tools/bin/../lib/gcc/arm-none-eabi/11.3.1/../../../../arm-none-eabi/lib/thumb/v7e-m+dp/hard\libc_nano.a(libc_a-stdio.o)
                0x000000000800c87e                __sseek
 .text.__sclose
                0x000000000800c8a2        0x8 D:/ST/STM32CubeIDE_1.13.1/STM32CubeIDE/plugins/com.st.stm32cube.ide.mcu.externaltools.gnu-tools-for-stm32.11.3.rel1.win32_1.1.0.202305231506/tools/bin/../lib/gcc/arm-none-eabi/11.3.1/../../../../arm-none-eabi/lib/thumb/v7e-m+dp/hard\libc_nano.a(libc_a-stdio.o)
                0x000000000800c8a2                __sclose
 .text.__swbuf_r
                0x000000000800c8aa       0x7a D:/ST/STM32CubeIDE_1.13.1/STM32CubeIDE/plugins/com.st.stm32cube.ide.mcu.externaltools.gnu-tools-for-stm32.11.3.rel1.win32_1.1.0.202305231506/tools/bin/../lib/gcc/arm-none-eabi/11.3.1/../../../../arm-none-eabi/lib/thumb/v7e-m+dp/hard\libc_nano.a(libc_a-wbuf.o)
                0x000000000800c8aa                __swbuf_r
 .text.__swsetup_r
                0x000000000800c924       0xb0 D:/ST/STM32CubeIDE_1.13.1/STM32CubeIDE/plugins/com.st.stm32cube.ide.mcu.externaltools.gnu-tools-for-stm32.11.3.rel1.win32_1.1.0.202305231506/tools/bin/../lib/gcc/arm-none-eabi/11.3.1/../../../../arm-none-eabi/lib/thumb/v7e-m+dp/hard\libc_nano.a(libc_a-wsetup.o)
                0x000000000800c924                __swsetup_r
 .text.memset   0x000000000800c9d4       0x10 D:/ST/STM32CubeIDE_1.13.1/STM32CubeIDE/plugins/com.st.stm32cube.ide.mcu.externaltools.gnu-tools-for-stm32.11.3.rel1.win32_1.1.0.202305231506/tools/bin/../lib/gcc/arm-none-eabi/11.3.1/../../../../arm-none-eabi/lib/thumb/v7e-m+dp/hard\libc_nano.a(libc_a-memset.o)
                0x000000000800c9d4                memset
 .text._localeconv_r
                0x000000000800c9e4        0x8 D:/ST/STM32CubeIDE_1.13.1/STM32CubeIDE/plugins/com.st.stm32cube.ide.mcu.externaltools.gnu-tools-for-stm32.11.3.rel1.win32_1.1.0.202305231506/tools/bin/../lib/gcc/arm-none-eabi/11.3.1/../../../../arm-none-eabi/lib/thumb/v7e-m+dp/hard\libc_nano.a(libc_a-localeconv.o)
                0x000000000800c9e4                _localeconv_r
 .text._close_r
                0x000000000800c9ec       0x20 D:/ST/STM32CubeIDE_1.13.1/STM32CubeIDE/plugins/com.st.stm32cube.ide.mcu.externaltools.gnu-tools-for-stm32.11.3.rel1.win32_1.1.0.202305231506/tools/bin/../lib/gcc/arm-none-eabi/11.3.1/../../../../arm-none-eabi/lib/thumb/v7e-m+dp/hard\libc_nano.a(libc_a-closer.o)
                0x000000000800c9ec                _close_r
 .text._lseek_r
                0x000000000800ca0c       0x24 D:/ST/STM32CubeIDE_1.13.1/STM32CubeIDE/plugins/com.st.stm32cube.ide.mcu.externaltools.gnu-tools-for-stm32.11.3.rel1.win32_1.1.0.202305231506/tools/bin/../lib/gcc/arm-none-eabi/11.3.1/../../../../arm-none-eabi/lib/thumb/v7e-m+dp/hard\libc_nano.a(libc_a-lseekr.o)
                0x000000000800ca0c                _lseek_r
 .text._read_r  0x000000000800ca30       0x24 D:/ST/STM32CubeIDE_1.13.1/STM32CubeIDE/plugins/com.st.stm32cube.ide.mcu.externaltools.gnu-tools-for-stm32.11.3.rel1.win32_1.1.0.202305231506/tools/bin/../lib/gcc/arm-none-eabi/11.3.1/../../../../arm-none-eabi/lib/thumb/v7e-m+dp/hard\libc_nano.a(libc_a-readr.o)
                0x000000000800ca30                _read_r
 .text._write_r
                0x000000000800ca54       0x24 D:/ST/STM32CubeIDE_1.13.1/STM32CubeIDE/plugins/com.st.stm32cube.ide.mcu.externaltools.gnu-tools-for-stm32.11.3.rel1.win32_1.1.0.202305231506/tools/bin/../lib/gcc/arm-none-eabi/11.3.1/../../../../arm-none-eabi/lib/thumb/v7e-m+dp/hard\libc_nano.a(libc_a-writer.o)
                0x000000000800ca54                _write_r
 .text.__errno  0x000000000800ca78        0xc D:/ST/STM32CubeIDE_1.13.1/STM32CubeIDE/plugins/com.st.stm32cube.ide.mcu.externaltools.gnu-tools-for-stm32.11.3.rel1.win32_1.1.0.202305231506/tools/bin/../lib/gcc/arm-none-eabi/11.3.1/../../../../arm-none-eabi/lib/thumb/v7e-m+dp/hard\libc_nano.a(libc_a-errno.o)
                0x000000000800ca78                __errno
 .text.__libc_init_array
                0x000000000800ca84       0x48 D:/ST/STM32CubeIDE_1.13.1/STM32CubeIDE/plugins/com.st.stm32cube.ide.mcu.externaltools.gnu-tools-for-stm32.11.3.rel1.win32_1.1.0.202305231506/tools/bin/../lib/gcc/arm-none-eabi/11.3.1/../../../../arm-none-eabi/lib/thumb/v7e-m+dp/hard\libc_nano.a(libc_a-init.o)
                0x000000000800ca84                __libc_init_array
 .text.__retarget_lock_acquire_recursive
                0x000000000800cacc        0x2 D:/ST/STM32CubeIDE_1.13.1/STM32CubeIDE/plugins/com.st.stm32cube.ide.mcu.externaltools.gnu-tools-for-stm32.11.3.rel1.win32_1.1.0.202305231506/tools/bin/../lib/gcc/arm-none-eabi/11.3.1/../../../../arm-none-eabi/lib/thumb/v7e-m+dp/hard\libc_nano.a(libc_a-lock.o)
                0x000000000800cacc                __retarget_lock_acquire_recursive
 .text.__retarget_lock_release_recursive
                0x000000000800cace        0x2 D:/ST/STM32CubeIDE_1.13.1/STM32CubeIDE/plugins/com.st.stm32cube.ide.mcu.externaltools.gnu-tools-for-stm32.11.3.rel1.win32_1.1.0.202305231506/tools/bin/../lib/gcc/arm-none-eabi/11.3.1/../../../../arm-none-eabi/lib/thumb/v7e-m+dp/hard\libc_nano.a(libc_a-lock.o)
                0x000000000800cace                __retarget_lock_release_recursive
 .text.nanf     0x000000000800cad0        0xc D:/ST/STM32CubeIDE_1.13.1/STM32CubeIDE/plugins/com.st.stm32cube.ide.mcu.externaltools.gnu-tools-for-stm32.11.3.rel1.win32_1.1.0.202305231506/tools/bin/../lib/gcc/arm-none-eabi/11.3.1/../../../../arm-none-eabi/lib/thumb/v7e-m+dp/hard\libc_nano.a(libm_a-sf_nan.o)
                0x000000000800cad0                nanf
 .text.quorem   0x000000000800cadc      0x110 D:/ST/STM32CubeIDE_1.13.1/STM32CubeIDE/plugins/com.st.stm32cube.ide.mcu.externaltools.gnu-tools-for-stm32.11.3.rel1.win32_1.1.0.202305231506/tools/bin/../lib/gcc/arm-none-eabi/11.3.1/../../../../arm-none-eabi/lib/thumb/v7e-m+dp/hard\libc_nano.a(libc_a-dtoa.o)
 *fill*         0x000000000800cbec        0x4 
 .text._dtoa_r  0x000000000800cbf0      0xad8 D:/ST/STM32CubeIDE_1.13.1/STM32CubeIDE/plugins/com.st.stm32cube.ide.mcu.externaltools.gnu-tools-for-stm32.11.3.rel1.win32_1.1.0.202305231506/tools/bin/../lib/gcc/arm-none-eabi/11.3.1/../../../../arm-none-eabi/lib/thumb/v7e-m+dp/hard\libc_nano.a(libc_a-dtoa.o)
                0x000000000800cbf0                _dtoa_r
 .text._free_r  0x000000000800d6c8       0x98 D:/ST/STM32CubeIDE_1.13.1/STM32CubeIDE/plugins/com.st.stm32cube.ide.mcu.externaltools.gnu-tools-for-stm32.11.3.rel1.win32_1.1.0.202305231506/tools/bin/../lib/gcc/arm-none-eabi/11.3.1/../../../../arm-none-eabi/lib/thumb/v7e-m+dp/hard\libc_nano.a(libc_a-freer.o)
                0x000000000800d6c8                _free_r
 .text.malloc   0x000000000800d760       0x10 D:/ST/STM32CubeIDE_1.13.1/STM32CubeIDE/plugins/com.st.stm32cube.ide.mcu.externaltools.gnu-tools-for-stm32.11.3.rel1.win32_1.1.0.202305231506/tools/bin/../lib/gcc/arm-none-eabi/11.3.1/../../../../arm-none-eabi/lib/thumb/v7e-m+dp/hard\libc_nano.a(libc_a-malloc.o)
                0x000000000800d760                malloc
 .text.sbrk_aligned
                0x000000000800d770       0x40 D:/ST/STM32CubeIDE_1.13.1/STM32CubeIDE/plugins/com.st.stm32cube.ide.mcu.externaltools.gnu-tools-for-stm32.11.3.rel1.win32_1.1.0.202305231506/tools/bin/../lib/gcc/arm-none-eabi/11.3.1/../../../../arm-none-eabi/lib/thumb/v7e-m+dp/hard\libc_nano.a(libc_a-mallocr.o)
 .text._malloc_r
                0x000000000800d7b0      0x100 D:/ST/STM32CubeIDE_1.13.1/STM32CubeIDE/plugins/com.st.stm32cube.ide.mcu.externaltools.gnu-tools-for-stm32.11.3.rel1.win32_1.1.0.202305231506/tools/bin/../lib/gcc/arm-none-eabi/11.3.1/../../../../arm-none-eabi/lib/thumb/v7e-m+dp/hard\libc_nano.a(libc_a-mallocr.o)
                0x000000000800d7b0                _malloc_r
 .text.__malloc_lock
                0x000000000800d8b0        0xc D:/ST/STM32CubeIDE_1.13.1/STM32CubeIDE/plugins/com.st.stm32cube.ide.mcu.externaltools.gnu-tools-for-stm32.11.3.rel1.win32_1.1.0.202305231506/tools/bin/../lib/gcc/arm-none-eabi/11.3.1/../../../../arm-none-eabi/lib/thumb/v7e-m+dp/hard\libc_nano.a(libc_a-mlock.o)
                0x000000000800d8b0                __malloc_lock
 .text.__malloc_unlock
                0x000000000800d8bc        0xc D:/ST/STM32CubeIDE_1.13.1/STM32CubeIDE/plugins/com.st.stm32cube.ide.mcu.externaltools.gnu-tools-for-stm32.11.3.rel1.win32_1.1.0.202305231506/tools/bin/../lib/gcc/arm-none-eabi/11.3.1/../../../../arm-none-eabi/lib/thumb/v7e-m+dp/hard\libc_nano.a(libc_a-mlock.o)
                0x000000000800d8bc                __malloc_unlock
 .text._Balloc  0x000000000800d8c8       0x80 D:/ST/STM32CubeIDE_1.13.1/STM32CubeIDE/plugins/com.st.stm32cube.ide.mcu.externaltools.gnu-tools-for-stm32.11.3.rel1.win32_1.1.0.202305231506/tools/bin/../lib/gcc/arm-none-eabi/11.3.1/../../../../arm-none-eabi/lib/thumb/v7e-m+dp/hard\libc_nano.a(libc_a-mprec.o)
                0x000000000800d8c8                _Balloc
 .text._Bfree   0x000000000800d948       0x44 D:/ST/STM32CubeIDE_1.13.1/STM32CubeIDE/plugins/com.st.stm32cube.ide.mcu.externaltools.gnu-tools-for-stm32.11.3.rel1.win32_1.1.0.202305231506/tools/bin/../lib/gcc/arm-none-eabi/11.3.1/../../../../arm-none-eabi/lib/thumb/v7e-m+dp/hard\libc_nano.a(libc_a-mprec.o)
                0x000000000800d948                _Bfree
 .text.__multadd
                0x000000000800d98c       0x8c D:/ST/STM32CubeIDE_1.13.1/STM32CubeIDE/plugins/com.st.stm32cube.ide.mcu.externaltools.gnu-tools-for-stm32.11.3.rel1.win32_1.1.0.202305231506/tools/bin/../lib/gcc/arm-none-eabi/11.3.1/../../../../arm-none-eabi/lib/thumb/v7e-m+dp/hard\libc_nano.a(libc_a-mprec.o)
                0x000000000800d98c                __multadd
 .text.__s2b    0x000000000800da18       0x94 D:/ST/STM32CubeIDE_1.13.1/STM32CubeIDE/plugins/com.st.stm32cube.ide.mcu.externaltools.gnu-tools-for-stm32.11.3.rel1.win32_1.1.0.202305231506/tools/bin/../lib/gcc/arm-none-eabi/11.3.1/../../../../arm-none-eabi/lib/thumb/v7e-m+dp/hard\libc_nano.a(libc_a-mprec.o)
                0x000000000800da18                __s2b
 .text.__hi0bits
                0x000000000800daac       0x40 D:/ST/STM32CubeIDE_1.13.1/STM32CubeIDE/plugins/com.st.stm32cube.ide.mcu.externaltools.gnu-tools-for-stm32.11.3.rel1.win32_1.1.0.202305231506/tools/bin/../lib/gcc/arm-none-eabi/11.3.1/../../../../arm-none-eabi/lib/thumb/v7e-m+dp/hard\libc_nano.a(libc_a-mprec.o)
                0x000000000800daac                __hi0bits
 .text.__lo0bits
                0x000000000800daec       0x5a D:/ST/STM32CubeIDE_1.13.1/STM32CubeIDE/plugins/com.st.stm32cube.ide.mcu.externaltools.gnu-tools-for-stm32.11.3.rel1.win32_1.1.0.202305231506/tools/bin/../lib/gcc/arm-none-eabi/11.3.1/../../../../arm-none-eabi/lib/thumb/v7e-m+dp/hard\libc_nano.a(libc_a-mprec.o)
                0x000000000800daec                __lo0bits
 *fill*         0x000000000800db46        0x2 
 .text.__i2b    0x000000000800db48       0x2c D:/ST/STM32CubeIDE_1.13.1/STM32CubeIDE/plugins/com.st.stm32cube.ide.mcu.externaltools.gnu-tools-for-stm32.11.3.rel1.win32_1.1.0.202305231506/tools/bin/../lib/gcc/arm-none-eabi/11.3.1/../../../../arm-none-eabi/lib/thumb/v7e-m+dp/hard\libc_nano.a(libc_a-mprec.o)
                0x000000000800db48                __i2b
 .text.__multiply
                0x000000000800db74      0x154 D:/ST/STM32CubeIDE_1.13.1/STM32CubeIDE/plugins/com.st.stm32cube.ide.mcu.externaltools.gnu-tools-for-stm32.11.3.rel1.win32_1.1.0.202305231506/tools/bin/../lib/gcc/arm-none-eabi/11.3.1/../../../../arm-none-eabi/lib/thumb/v7e-m+dp/hard\libc_nano.a(libc_a-mprec.o)
                0x000000000800db74                __multiply
 .text.__pow5mult
                0x000000000800dcc8       0xb4 D:/ST/STM32CubeIDE_1.13.1/STM32CubeIDE/plugins/com.st.stm32cube.ide.mcu.externaltools.gnu-tools-for-stm32.11.3.rel1.win32_1.1.0.202305231506/tools/bin/../lib/gcc/arm-none-eabi/11.3.1/../../../../arm-none-eabi/lib/thumb/v7e-m+dp/hard\libc_nano.a(libc_a-mprec.o)
                0x000000000800dcc8                __pow5mult
 .text.__lshift
                0x000000000800dd7c       0xd8 D:/ST/STM32CubeIDE_1.13.1/STM32CubeIDE/plugins/com.st.stm32cube.ide.mcu.externaltools.gnu-tools-for-stm32.11.3.rel1.win32_1.1.0.202305231506/tools/bin/../lib/gcc/arm-none-eabi/11.3.1/../../../../arm-none-eabi/lib/thumb/v7e-m+dp/hard\libc_nano.a(libc_a-mprec.o)
                0x000000000800dd7c                __lshift
 .text.__mcmp   0x000000000800de54       0x38 D:/ST/STM32CubeIDE_1.13.1/STM32CubeIDE/plugins/com.st.stm32cube.ide.mcu.externaltools.gnu-tools-for-stm32.11.3.rel1.win32_1.1.0.202305231506/tools/bin/../lib/gcc/arm-none-eabi/11.3.1/../../../../arm-none-eabi/lib/thumb/v7e-m+dp/hard\libc_nano.a(libc_a-mprec.o)
                0x000000000800de54                __mcmp
 .text.__mdiff  0x000000000800de8c      0x114 D:/ST/STM32CubeIDE_1.13.1/STM32CubeIDE/plugins/com.st.stm32cube.ide.mcu.externaltools.gnu-tools-for-stm32.11.3.rel1.win32_1.1.0.202305231506/tools/bin/../lib/gcc/arm-none-eabi/11.3.1/../../../../arm-none-eabi/lib/thumb/v7e-m+dp/hard\libc_nano.a(libc_a-mprec.o)
                0x000000000800de8c                __mdiff
 .text.__ulp    0x000000000800dfa0       0x4c D:/ST/STM32CubeIDE_1.13.1/STM32CubeIDE/plugins/com.st.stm32cube.ide.mcu.externaltools.gnu-tools-for-stm32.11.3.rel1.win32_1.1.0.202305231506/tools/bin/../lib/gcc/arm-none-eabi/11.3.1/../../../../arm-none-eabi/lib/thumb/v7e-m+dp/hard\libc_nano.a(libc_a-mprec.o)
                0x000000000800dfa0                __ulp
 .text.__b2d    0x000000000800dfec       0x94 D:/ST/STM32CubeIDE_1.13.1/STM32CubeIDE/plugins/com.st.stm32cube.ide.mcu.externaltools.gnu-tools-for-stm32.11.3.rel1.win32_1.1.0.202305231506/tools/bin/../lib/gcc/arm-none-eabi/11.3.1/../../../../arm-none-eabi/lib/thumb/v7e-m+dp/hard\libc_nano.a(libc_a-mprec.o)
                0x000000000800dfec                __b2d
 .text.__d2b    0x000000000800e080       0xb4 D:/ST/STM32CubeIDE_1.13.1/STM32CubeIDE/plugins/com.st.stm32cube.ide.mcu.externaltools.gnu-tools-for-stm32.11.3.rel1.win32_1.1.0.202305231506/tools/bin/../lib/gcc/arm-none-eabi/11.3.1/../../../../arm-none-eabi/lib/thumb/v7e-m+dp/hard\libc_nano.a(libc_a-mprec.o)
                0x000000000800e080                __d2b
 .text.__ratio  0x000000000800e134       0x60 D:/ST/STM32CubeIDE_1.13.1/STM32CubeIDE/plugins/com.st.stm32cube.ide.mcu.externaltools.gnu-tools-for-stm32.11.3.rel1.win32_1.1.0.202305231506/tools/bin/../lib/gcc/arm-none-eabi/11.3.1/../../../../arm-none-eabi/lib/thumb/v7e-m+dp/hard\libc_nano.a(libc_a-mprec.o)
                0x000000000800e134                __ratio
 .text.__copybits
                0x000000000800e194       0x46 D:/ST/STM32CubeIDE_1.13.1/STM32CubeIDE/plugins/com.st.stm32cube.ide.mcu.externaltools.gnu-tools-for-stm32.11.3.rel1.win32_1.1.0.202305231506/tools/bin/../lib/gcc/arm-none-eabi/11.3.1/../../../../arm-none-eabi/lib/thumb/v7e-m+dp/hard\libc_nano.a(libc_a-mprec.o)
                0x000000000800e194                __copybits
 .text.__any_on
                0x000000000800e1da       0x42 D:/ST/STM32CubeIDE_1.13.1/STM32CubeIDE/plugins/com.st.stm32cube.ide.mcu.externaltools.gnu-tools-for-stm32.11.3.rel1.win32_1.1.0.202305231506/tools/bin/../lib/gcc/arm-none-eabi/11.3.1/../../../../arm-none-eabi/lib/thumb/v7e-m+dp/hard\libc_nano.a(libc_a-mprec.o)
                0x000000000800e1da                __any_on
 .text.sulp     0x000000000800e21c       0x34 D:/ST/STM32CubeIDE_1.13.1/STM32CubeIDE/plugins/com.st.stm32cube.ide.mcu.externaltools.gnu-tools-for-stm32.11.3.rel1.win32_1.1.0.202305231506/tools/bin/../lib/gcc/arm-none-eabi/11.3.1/../../../../arm-none-eabi/lib/thumb/v7e-m+dp/hard\libc_nano.a(libc_a-strtod.o)
 .text._strtod_l
                0x000000000800e250      0xb64 D:/ST/STM32CubeIDE_1.13.1/STM32CubeIDE/plugins/com.st.stm32cube.ide.mcu.externaltools.gnu-tools-for-stm32.11.3.rel1.win32_1.1.0.202305231506/tools/bin/../lib/gcc/arm-none-eabi/11.3.1/../../../../arm-none-eabi/lib/thumb/v7e-m+dp/hard\libc_nano.a(libc_a-strtod.o)
                0x000000000800e250                _strtod_l
 .text._strtod_r
                0x000000000800edb4        0xc D:/ST/STM32CubeIDE_1.13.1/STM32CubeIDE/plugins/com.st.stm32cube.ide.mcu.externaltools.gnu-tools-for-stm32.11.3.rel1.win32_1.1.0.202305231506/tools/bin/../lib/gcc/arm-none-eabi/11.3.1/../../../../arm-none-eabi/lib/thumb/v7e-m+dp/hard\libc_nano.a(libc_a-strtod.o)
                0x000000000800edb4                _strtod_r
 .text._strtol_l.constprop.0
                0x000000000800edc0      0x104 D:/ST/STM32CubeIDE_1.13.1/STM32CubeIDE/plugins/com.st.stm32cube.ide.mcu.externaltools.gnu-tools-for-stm32.11.3.rel1.win32_1.1.0.202305231506/tools/bin/../lib/gcc/arm-none-eabi/11.3.1/../../../../arm-none-eabi/lib/thumb/v7e-m+dp/hard\libc_nano.a(libc_a-strtol.o)
 .text._strtol_r
                0x000000000800eec4        0x4 D:/ST/STM32CubeIDE_1.13.1/STM32CubeIDE/plugins/com.st.stm32cube.ide.mcu.externaltools.gnu-tools-for-stm32.11.3.rel1.win32_1.1.0.202305231506/tools/bin/../lib/gcc/arm-none-eabi/11.3.1/../../../../arm-none-eabi/lib/thumb/v7e-m+dp/hard\libc_nano.a(libc_a-strtol.o)
                0x000000000800eec4                _strtol_r
 .text.__ssputs_r
                0x000000000800eec8       0xb4 D:/ST/STM32CubeIDE_1.13.1/STM32CubeIDE/plugins/com.st.stm32cube.ide.mcu.externaltools.gnu-tools-for-stm32.11.3.rel1.win32_1.1.0.202305231506/tools/bin/../lib/gcc/arm-none-eabi/11.3.1/../../../../arm-none-eabi/lib/thumb/v7e-m+dp/hard\libc_nano.a(libc_a-nano-svfprintf.o)
                0x000000000800eec8                __ssputs_r
 .text._svfprintf_r
                0x000000000800ef7c      0x1fc D:/ST/STM32CubeIDE_1.13.1/STM32CubeIDE/plugins/com.st.stm32cube.ide.mcu.externaltools.gnu-tools-for-stm32.11.3.rel1.win32_1.1.0.202305231506/tools/bin/../lib/gcc/arm-none-eabi/11.3.1/../../../../arm-none-eabi/lib/thumb/v7e-m+dp/hard\libc_nano.a(libc_a-nano-svfprintf.o)
                0x000000000800ef7c                _svfiprintf_r
                0x000000000800ef7c                _svfprintf_r
 .text.__sflush_r
                0x000000000800f178      0x10c D:/ST/STM32CubeIDE_1.13.1/STM32CubeIDE/plugins/com.st.stm32cube.ide.mcu.externaltools.gnu-tools-for-stm32.11.3.rel1.win32_1.1.0.202305231506/tools/bin/../lib/gcc/arm-none-eabi/11.3.1/../../../../arm-none-eabi/lib/thumb/v7e-m+dp/hard\libc_nano.a(libc_a-fflush.o)
                0x000000000800f178                __sflush_r
 .text._fflush_r
                0x000000000800f284       0x50 D:/ST/STM32CubeIDE_1.13.1/STM32CubeIDE/plugins/com.st.stm32cube.ide.mcu.externaltools.gnu-tools-for-stm32.11.3.rel1.win32_1.1.0.202305231506/tools/bin/../lib/gcc/arm-none-eabi/11.3.1/../../../../arm-none-eabi/lib/thumb/v7e-m+dp/hard\libc_nano.a(libc_a-fflush.o)
                0x000000000800f284                _fflush_r
 .text.__swhatbuf_r
                0x000000000800f2d4       0x4c D:/ST/STM32CubeIDE_1.13.1/STM32CubeIDE/plugins/com.st.stm32cube.ide.mcu.externaltools.gnu-tools-for-stm32.11.3.rel1.win32_1.1.0.202305231506/tools/bin/../lib/gcc/arm-none-eabi/11.3.1/../../../../arm-none-eabi/lib/thumb/v7e-m+dp/hard\libc_nano.a(libc_a-makebuf.o)
                0x000000000800f2d4                __swhatbuf_r
 .text.__smakebuf_r
                0x000000000800f320       0x78 D:/ST/STM32CubeIDE_1.13.1/STM32CubeIDE/plugins/com.st.stm32cube.ide.mcu.externaltools.gnu-tools-for-stm32.11.3.rel1.win32_1.1.0.202305231506/tools/bin/../lib/gcc/arm-none-eabi/11.3.1/../../../../arm-none-eabi/lib/thumb/v7e-m+dp/hard\libc_nano.a(libc_a-makebuf.o)
                0x000000000800f320                __smakebuf_r
 .text.memmove  0x000000000800f398       0x34 D:/ST/STM32CubeIDE_1.13.1/STM32CubeIDE/plugins/com.st.stm32cube.ide.mcu.externaltools.gnu-tools-for-stm32.11.3.rel1.win32_1.1.0.202305231506/tools/bin/../lib/gcc/arm-none-eabi/11.3.1/../../../../arm-none-eabi/lib/thumb/v7e-m+dp/hard\libc_nano.a(libc_a-memmove.o)
                0x000000000800f398                memmove
 .text.strncmp  0x000000000800f3cc       0x24 D:/ST/STM32CubeIDE_1.13.1/STM32CubeIDE/plugins/com.st.stm32cube.ide.mcu.externaltools.gnu-tools-for-stm32.11.3.rel1.win32_1.1.0.202305231506/tools/bin/../lib/gcc/arm-none-eabi/11.3.1/../../../../arm-none-eabi/lib/thumb/v7e-m+dp/hard\libc_nano.a(libc_a-strncmp.o)
                0x000000000800f3cc                strncmp
 .text._fstat_r
                0x000000000800f3f0       0x24 D:/ST/STM32CubeIDE_1.13.1/STM32CubeIDE/plugins/com.st.stm32cube.ide.mcu.externaltools.gnu-tools-for-stm32.11.3.rel1.win32_1.1.0.202305231506/tools/bin/../lib/gcc/arm-none-eabi/11.3.1/../../../../arm-none-eabi/lib/thumb/v7e-m+dp/hard\libc_nano.a(libc_a-fstatr.o)
                0x000000000800f3f0                _fstat_r
 .text._isatty_r
                0x000000000800f414       0x20 D:/ST/STM32CubeIDE_1.13.1/STM32CubeIDE/plugins/com.st.stm32cube.ide.mcu.externaltools.gnu-tools-for-stm32.11.3.rel1.win32_1.1.0.202305231506/tools/bin/../lib/gcc/arm-none-eabi/11.3.1/../../../../arm-none-eabi/lib/thumb/v7e-m+dp/hard\libc_nano.a(libc_a-isattyr.o)
                0x000000000800f414                _isatty_r
 .text._sbrk_r  0x000000000800f434       0x20 D:/ST/STM32CubeIDE_1.13.1/STM32CubeIDE/plugins/com.st.stm32cube.ide.mcu.externaltools.gnu-tools-for-stm32.11.3.rel1.win32_1.1.0.202305231506/tools/bin/../lib/gcc/arm-none-eabi/11.3.1/../../../../arm-none-eabi/lib/thumb/v7e-m+dp/hard\libc_nano.a(libc_a-sbrkr.o)
                0x000000000800f434                _sbrk_r
 .text.memcpy   0x000000000800f454       0x1c D:/ST/STM32CubeIDE_1.13.1/STM32CubeIDE/plugins/com.st.stm32cube.ide.mcu.externaltools.gnu-tools-for-stm32.11.3.rel1.win32_1.1.0.202305231506/tools/bin/../lib/gcc/arm-none-eabi/11.3.1/../../../../arm-none-eabi/lib/thumb/v7e-m+dp/hard\libc_nano.a(libc_a-memcpy-stub.o)
                0x000000000800f454                memcpy
 .text.nan      0x000000000800f470       0x10 D:/ST/STM32CubeIDE_1.13.1/STM32CubeIDE/plugins/com.st.stm32cube.ide.mcu.externaltools.gnu-tools-for-stm32.11.3.rel1.win32_1.1.0.202305231506/tools/bin/../lib/gcc/arm-none-eabi/11.3.1/../../../../arm-none-eabi/lib/thumb/v7e-m+dp/hard\libc_nano.a(libm_a-s_nan.o)
                0x000000000800f470                nan
 .text.__assert_func
                0x000000000800f480       0x3c D:/ST/STM32CubeIDE_1.13.1/STM32CubeIDE/plugins/com.st.stm32cube.ide.mcu.externaltools.gnu-tools-for-stm32.11.3.rel1.win32_1.1.0.202305231506/tools/bin/../lib/gcc/arm-none-eabi/11.3.1/../../../../arm-none-eabi/lib/thumb/v7e-m+dp/hard\libc_nano.a(libc_a-assert.o)
                0x000000000800f480                __assert_func
 .text._calloc_r
                0x000000000800f4bc       0x2c D:/ST/STM32CubeIDE_1.13.1/STM32CubeIDE/plugins/com.st.stm32cube.ide.mcu.externaltools.gnu-tools-for-stm32.11.3.rel1.win32_1.1.0.202305231506/tools/bin/../lib/gcc/arm-none-eabi/11.3.1/../../../../arm-none-eabi/lib/thumb/v7e-m+dp/hard\libc_nano.a(libc_a-callocr.o)
                0x000000000800f4bc                _calloc_r
 .text.rshift   0x000000000800f4e8       0xa4 D:/ST/STM32CubeIDE_1.13.1/STM32CubeIDE/plugins/com.st.stm32cube.ide.mcu.externaltools.gnu-tools-for-stm32.11.3.rel1.win32_1.1.0.202305231506/tools/bin/../lib/gcc/arm-none-eabi/11.3.1/../../../../arm-none-eabi/lib/thumb/v7e-m+dp/hard\libc_nano.a(libc_a-gdtoa-gethex.o)
 .text.__hexdig_fun
                0x000000000800f58c       0x2a D:/ST/STM32CubeIDE_1.13.1/STM32CubeIDE/plugins/com.st.stm32cube.ide.mcu.externaltools.gnu-tools-for-stm32.11.3.rel1.win32_1.1.0.202305231506/tools/bin/../lib/gcc/arm-none-eabi/11.3.1/../../../../arm-none-eabi/lib/thumb/v7e-m+dp/hard\libc_nano.a(libc_a-gdtoa-gethex.o)
                0x000000000800f58c                __hexdig_fun
 *fill*         0x000000000800f5b6        0x2 
 .text.__gethex
                0x000000000800f5b8      0x45c D:/ST/STM32CubeIDE_1.13.1/STM32CubeIDE/plugins/com.st.stm32cube.ide.mcu.externaltools.gnu-tools-for-stm32.11.3.rel1.win32_1.1.0.202305231506/tools/bin/../lib/gcc/arm-none-eabi/11.3.1/../../../../arm-none-eabi/lib/thumb/v7e-m+dp/hard\libc_nano.a(libc_a-gdtoa-gethex.o)
                0x000000000800f5b8                __gethex
 .text.L_shift  0x000000000800fa14       0x24 D:/ST/STM32CubeIDE_1.13.1/STM32CubeIDE/plugins/com.st.stm32cube.ide.mcu.externaltools.gnu-tools-for-stm32.11.3.rel1.win32_1.1.0.202305231506/tools/bin/../lib/gcc/arm-none-eabi/11.3.1/../../../../arm-none-eabi/lib/thumb/v7e-m+dp/hard\libc_nano.a(libc_a-gdtoa-hexnan.o)
 .text.__match  0x000000000800fa38       0x28 D:/ST/STM32CubeIDE_1.13.1/STM32CubeIDE/plugins/com.st.stm32cube.ide.mcu.externaltools.gnu-tools-for-stm32.11.3.rel1.win32_1.1.0.202305231506/tools/bin/../lib/gcc/arm-none-eabi/11.3.1/../../../../arm-none-eabi/lib/thumb/v7e-m+dp/hard\libc_nano.a(libc_a-gdtoa-hexnan.o)
                0x000000000800fa38                __match
 .text.__hexnan
                0x000000000800fa60      0x136 D:/ST/STM32CubeIDE_1.13.1/STM32CubeIDE/plugins/com.st.stm32cube.ide.mcu.externaltools.gnu-tools-for-stm32.11.3.rel1.win32_1.1.0.202305231506/tools/bin/../lib/gcc/arm-none-eabi/11.3.1/../../../../arm-none-eabi/lib/thumb/v7e-m+dp/hard\libc_nano.a(libc_a-gdtoa-hexnan.o)
                0x000000000800fa60                __hexnan
 .text.__ascii_mbtowc
                0x000000000800fb96       0x24 D:/ST/STM32CubeIDE_1.13.1/STM32CubeIDE/plugins/com.st.stm32cube.ide.mcu.externaltools.gnu-tools-for-stm32.11.3.rel1.win32_1.1.0.202305231506/tools/bin/../lib/gcc/arm-none-eabi/11.3.1/../../../../arm-none-eabi/lib/thumb/v7e-m+dp/hard\libc_nano.a(libc_a-mbtowc_r.o)
                0x000000000800fb96                __ascii_mbtowc
 .text._realloc_r
                0x000000000800fbba       0x5e D:/ST/STM32CubeIDE_1.13.1/STM32CubeIDE/plugins/com.st.stm32cube.ide.mcu.externaltools.gnu-tools-for-stm32.11.3.rel1.win32_1.1.0.202305231506/tools/bin/../lib/gcc/arm-none-eabi/11.3.1/../../../../arm-none-eabi/lib/thumb/v7e-m+dp/hard\libc_nano.a(libc_a-reallocr.o)
                0x000000000800fbba                _realloc_r
 .text.__ascii_wctomb
                0x000000000800fc18       0x1a D:/ST/STM32CubeIDE_1.13.1/STM32CubeIDE/plugins/com.st.stm32cube.ide.mcu.externaltools.gnu-tools-for-stm32.11.3.rel1.win32_1.1.0.202305231506/tools/bin/../lib/gcc/arm-none-eabi/11.3.1/../../../../arm-none-eabi/lib/thumb/v7e-m+dp/hard\libc_nano.a(libc_a-wctomb_r.o)
                0x000000000800fc18                __ascii_wctomb
 *fill*         0x000000000800fc32        0x2 
 .text.fprintf  0x000000000800fc34       0x24 D:/ST/STM32CubeIDE_1.13.1/STM32CubeIDE/plugins/com.st.stm32cube.ide.mcu.externaltools.gnu-tools-for-stm32.11.3.rel1.win32_1.1.0.202305231506/tools/bin/../lib/gcc/arm-none-eabi/11.3.1/../../../../arm-none-eabi/lib/thumb/v7e-m+dp/hard\libc_nano.a(libc_a-fprintf.o)
                0x000000000800fc34                fiprintf
                0x000000000800fc34                fprintf
 .text.abort    0x000000000800fc58        0xe D:/ST/STM32CubeIDE_1.13.1/STM32CubeIDE/plugins/com.st.stm32cube.ide.mcu.externaltools.gnu-tools-for-stm32.11.3.rel1.win32_1.1.0.202305231506/tools/bin/../lib/gcc/arm-none-eabi/11.3.1/../../../../arm-none-eabi/lib/thumb/v7e-m+dp/hard\libc_nano.a(libc_a-abort.o)
                0x000000000800fc58                abort
 .text._malloc_usable_size_r
                0x000000000800fc66       0x10 D:/ST/STM32CubeIDE_1.13.1/STM32CubeIDE/plugins/com.st.stm32cube.ide.mcu.externaltools.gnu-tools-for-stm32.11.3.rel1.win32_1.1.0.202305231506/tools/bin/../lib/gcc/arm-none-eabi/11.3.1/../../../../arm-none-eabi/lib/thumb/v7e-m+dp/hard\libc_nano.a(libc_a-msizer.o)
                0x000000000800fc66                _malloc_usable_size_r
 .text.__sfputc_r
                0x000000000800fc76       0x2e D:/ST/STM32CubeIDE_1.13.1/STM32CubeIDE/plugins/com.st.stm32cube.ide.mcu.externaltools.gnu-tools-for-stm32.11.3.rel1.win32_1.1.0.202305231506/tools/bin/../lib/gcc/arm-none-eabi/11.3.1/../../../../arm-none-eabi/lib/thumb/v7e-m+dp/hard\libc_nano.a(libc_a-nano-vfprintf.o)
 .text.__sfputs_r
                0x000000000800fca4       0x24 D:/ST/STM32CubeIDE_1.13.1/STM32CubeIDE/plugins/com.st.stm32cube.ide.mcu.externaltools.gnu-tools-for-stm32.11.3.rel1.win32_1.1.0.202305231506/tools/bin/../lib/gcc/arm-none-eabi/11.3.1/../../../../arm-none-eabi/lib/thumb/v7e-m+dp/hard\libc_nano.a(libc_a-nano-vfprintf.o)
                0x000000000800fca4                __sfputs_r
 .text._vfprintf_r
                0x000000000800fcc8      0x234 D:/ST/STM32CubeIDE_1.13.1/STM32CubeIDE/plugins/com.st.stm32cube.ide.mcu.externaltools.gnu-tools-for-stm32.11.3.rel1.win32_1.1.0.202305231506/tools/bin/../lib/gcc/arm-none-eabi/11.3.1/../../../../arm-none-eabi/lib/thumb/v7e-m+dp/hard\libc_nano.a(libc_a-nano-vfprintf.o)
                0x000000000800fcc8                _vfprintf_r
                0x000000000800fcc8                _vfiprintf_r
 .text._raise_r
                0x000000000800fefc       0x50 D:/ST/STM32CubeIDE_1.13.1/STM32CubeIDE/plugins/com.st.stm32cube.ide.mcu.externaltools.gnu-tools-for-stm32.11.3.rel1.win32_1.1.0.202305231506/tools/bin/../lib/gcc/arm-none-eabi/11.3.1/../../../../arm-none-eabi/lib/thumb/v7e-m+dp/hard\libc_nano.a(libc_a-signal.o)
                0x000000000800fefc                _raise_r
 .text.raise    0x000000000800ff4c       0x10 D:/ST/STM32CubeIDE_1.13.1/STM32CubeIDE/plugins/com.st.stm32cube.ide.mcu.externaltools.gnu-tools-for-stm32.11.3.rel1.win32_1.1.0.202305231506/tools/bin/../lib/gcc/arm-none-eabi/11.3.1/../../../../arm-none-eabi/lib/thumb/v7e-m+dp/hard\libc_nano.a(libc_a-signal.o)
                0x000000000800ff4c                raise
 .text._kill_r  0x000000000800ff5c       0x24 D:/ST/STM32CubeIDE_1.13.1/STM32CubeIDE/plugins/com.st.stm32cube.ide.mcu.externaltools.gnu-tools-for-stm32.11.3.rel1.win32_1.1.0.202305231506/tools/bin/../lib/gcc/arm-none-eabi/11.3.1/../../../../arm-none-eabi/lib/thumb/v7e-m+dp/hard\libc_nano.a(libc_a-signalr.o)
                0x000000000800ff5c                _kill_r
 .text._getpid_r
                0x000000000800ff80        0x4 D:/ST/STM32CubeIDE_1.13.1/STM32CubeIDE/plugins/com.st.stm32cube.ide.mcu.externaltools.gnu-tools-for-stm32.11.3.rel1.win32_1.1.0.202305231506/tools/bin/../lib/gcc/arm-none-eabi/11.3.1/../../../../arm-none-eabi/lib/thumb/v7e-m+dp/hard\libc_nano.a(libc_a-signalr.o)
                0x000000000800ff80                _getpid_r
 *(.glue_7)
 .glue_7        0x000000000800ff84        0x0 linker stubs
 *(.glue_7t)
 .glue_7t       0x000000000800ff84        0x0 linker stubs
 *(.eh_frame)
 .eh_frame      0x000000000800ff84        0x0 D:/ST/STM32CubeIDE_1.13.1/STM32CubeIDE/plugins/com.st.stm32cube.ide.mcu.externaltools.gnu-tools-for-stm32.11.3.rel1.win32_1.1.0.202305231506/tools/bin/../lib/gcc/arm-none-eabi/11.3.1/thumb/v7e-m+dp/hard/crtbegin.o
 *(.init)
 .init          0x000000000800ff84        0x4 D:/ST/STM32CubeIDE_1.13.1/STM32CubeIDE/plugins/com.st.stm32cube.ide.mcu.externaltools.gnu-tools-for-stm32.11.3.rel1.win32_1.1.0.202305231506/tools/bin/../lib/gcc/arm-none-eabi/11.3.1/thumb/v7e-m+dp/hard/crti.o
                0x000000000800ff84                _init
 .init          0x000000000800ff88        0x8 D:/ST/STM32CubeIDE_1.13.1/STM32CubeIDE/plugins/com.st.stm32cube.ide.mcu.externaltools.gnu-tools-for-stm32.11.3.rel1.win32_1.1.0.202305231506/tools/bin/../lib/gcc/arm-none-eabi/11.3.1/thumb/v7e-m+dp/hard/crtn.o
 *(.fini)
 .fini          0x000000000800ff90        0x4 D:/ST/STM32CubeIDE_1.13.1/STM32CubeIDE/plugins/com.st.stm32cube.ide.mcu.externaltools.gnu-tools-for-stm32.11.3.rel1.win32_1.1.0.202305231506/tools/bin/../lib/gcc/arm-none-eabi/11.3.1/thumb/v7e-m+dp/hard/crti.o
                0x000000000800ff90                _fini
 .fini          0x000000000800ff94        0x8 D:/ST/STM32CubeIDE_1.13.1/STM32CubeIDE/plugins/com.st.stm32cube.ide.mcu.externaltools.gnu-tools-for-stm32.11.3.rel1.win32_1.1.0.202305231506/tools/bin/../lib/gcc/arm-none-eabi/11.3.1/thumb/v7e-m+dp/hard/crtn.o
                0x000000000800ff9c                . = ALIGN (0x4)
                0x000000000800ff9c                _etext = .

.vfp11_veneer   0x000000000800ff9c        0x0
 .vfp11_veneer  0x000000000800ff9c        0x0 linker stubs

.v4_bx          0x000000000800ff9c        0x0
 .v4_bx         0x000000000800ff9c        0x0 linker stubs

.iplt           0x000000000800ff9c        0x0
 .iplt          0x000000000800ff9c        0x0 D:/ST/STM32CubeIDE_1.13.1/STM32CubeIDE/plugins/com.st.stm32cube.ide.mcu.externaltools.gnu-tools-for-stm32.11.3.rel1.win32_1.1.0.202305231506/tools/bin/../lib/gcc/arm-none-eabi/11.3.1/thumb/v7e-m+dp/hard/crtbegin.o

.rodata         0x000000000800ffa0      0x460
                0x000000000800ffa0                . = ALIGN (0x4)
 *(.rodata)
 *(.rodata*)
 .rodata.D1CorePrescTable
                0x000000000800ffa0       0x10 ./Core/Src/system_stm32h7xx.o
                0x000000000800ffa0                D1CorePrescTable
 .rodata.UARTPrescTable
                0x000000000800ffb0       0x18 ./Drivers/STM32H7xx_HAL_Driver/Src/stm32h7xx_hal_uart.o
                0x000000000800ffb0                UARTPrescTable
 .rodata.numerator.1
                0x000000000800ffc8        0x8 ./Drivers/STM32H7xx_HAL_Driver/Src/stm32h7xx_hal_uart_ex.o
 .rodata.denominator.0
                0x000000000800ffd0        0x8 ./Drivers/STM32H7xx_HAL_Driver/Src/stm32h7xx_hal_uart_ex.o
 .rodata._printf_float.str1.1
                0x000000000800ffd8       0x12 D:/ST/STM32CubeIDE_1.13.1/STM32CubeIDE/plugins/com.st.stm32cube.ide.mcu.externaltools.gnu-tools-for-stm32.11.3.rel1.win32_1.1.0.202305231506/tools/bin/../lib/gcc/arm-none-eabi/11.3.1/../../../../arm-none-eabi/lib/thumb/v7e-m+dp/hard\libc_nano.a(libc_a-nano-vfprintf_float.o)
 .rodata._printf_i.str1.1
                0x000000000800ffea       0x22 D:/ST/STM32CubeIDE_1.13.1/STM32CubeIDE/plugins/com.st.stm32cube.ide.mcu.externaltools.gnu-tools-for-stm32.11.3.rel1.win32_1.1.0.202305231506/tools/bin/../lib/gcc/arm-none-eabi/11.3.1/../../../../arm-none-eabi/lib/thumb/v7e-m+dp/hard\libc_nano.a(libc_a-nano-vfprintf_i.o)
 .rodata._scanf_float.str1.1
                0x000000000801000c        0x5 D:/ST/STM32CubeIDE_1.13.1/STM32CubeIDE/plugins/com.st.stm32cube.ide.mcu.externaltools.gnu-tools-for-stm32.11.3.rel1.win32_1.1.0.202305231506/tools/bin/../lib/gcc/arm-none-eabi/11.3.1/../../../../arm-none-eabi/lib/thumb/v7e-m+dp/hard\libc_nano.a(libc_a-nano-vfscanf_float.o)