../TouchGFX/target/generated/OSWrappers.cpp:36:6:static void touchgfx::OSWrappers::initialize()	8	static
../TouchGFX/target/generated/OSWrappers.cpp:48:6:static void touchgfx::OSWrappers::takeFrameBufferSemaphore()	8	static
../TouchGFX/target/generated/OSWrappers.cpp:56:6:static void touchgfx::OSWrappers::giveFrameBufferSemaphore()	8	static
../TouchGFX/target/generated/OSWrappers.cpp:68:6:static void touchgfx::OSWrappers::tryTakeFrameBufferSemaphore()	8	static
../TouchGFX/target/generated/OSWrappers.cpp:80:6:static void touchgfx::OSWrappers::giveFrameBufferSemaphoreFromISR()	8	static
../TouchGFX/target/generated/OSWrappers.cpp:92:6:static void touchgfx::OSWrappers::signalVSync()	8	static
../TouchGFX/target/generated/OSWrappers.cpp:102:6:static void touchgfx::OSWrappers::signalRenderingDone()	4	static
../TouchGFX/target/generated/OSWrappers.cpp:113:6:static void touchgfx::OSWrappers::waitForVSync()	8	static
../TouchGFX/target/generated/OSWrappers.cpp:135:6:static void touchgfx::OSWrappers::taskDelay(uint16_t)	16	static
../TouchGFX/target/generated/OSWrappers.cpp:150:6:static void touchgfx::OSWrappers::taskYield()	8	static
