../user_bsp/QSPI_flash.c:32:6:QSPI_Send_CMD	80	static
../user_bsp/QSPI_flash.c:56:9:QSPI_Receive	16	static
../user_bsp/QSPI_flash.c:68:9:QSPI_Transmit	16	static
../user_bsp/QSPI_flash.c:92:9:W25QXX_ReadSR	40	static
../user_bsp/QSPI_flash.c:117:6:W25QXX_Write_SR	40	static
../user_bsp/QSPI_flash.c:141:6:W25QXX_Qspi_Enable	32	static
../user_bsp/QSPI_flash.c:157:6:W25QXX_Write_Enable	24	static
../user_bsp/QSPI_flash.c:165:6:W25QXX_Write_Disable	24	static
../user_bsp/QSPI_flash.c:178:10:W25QXX_ReadID	32	static
../user_bsp/QSPI_flash.c:190:6:W25QXX_Init	32	static
../user_bsp/QSPI_flash.c:217:6:W25QXX_Read	40	static
../user_bsp/QSPI_flash.c:228:6:W25QXX_Write_Page	40	static
../user_bsp/QSPI_flash.c:244:6:W25QXX_Write_NoCheck	32	static
../user_bsp/QSPI_flash.c:272:6:W25QXX_Write	40	static
../user_bsp/QSPI_flash.c:320:6:W25QXX_Erase_Chip	24	static
../user_bsp/QSPI_flash.c:331:6:W25QXX_Erase_Sector	32	static
../user_bsp/QSPI_flash.c:343:6:W25QXX_Wait_Busy	8	static
