../user_bsp/soft_IIC.c:11:6:soft_IIC_Init	8	static
../user_bsp/soft_IIC.c:38:13:iic_delay	8	static
../user_bsp/soft_IIC.c:48:6:iic_start	8	static
../user_bsp/soft_IIC.c:64:6:iic_stop	8	static
../user_bsp/soft_IIC.c:80:9:iic_wait_ack	16	static
../user_bsp/soft_IIC.c:112:6:iic_ack	8	static
../user_bsp/soft_IIC.c:129:6:iic_nack	8	static
../user_bsp/soft_IIC.c:143:6:iic_send_byte	24	static
../user_bsp/soft_IIC.c:164:9:iic_read_byte	24	static
../user_bsp/soft_IIC.c:201:9:IIC_Write_Len	24	static
../user_bsp/soft_IIC.c:232:9:IIC_Read_Len	16	static
