D:\ST\STM32CubeIDE_1.13.1\STM32CubeIDE\plugins\com.st.stm32cube.ide.mcu.externaltools.gnu-tools-for-stm32.11.3.rel1.win32_1.1.0.202305231506\tools\bin/../lib/gcc/arm-none-eabi/11.3.1/../../../../arm-none-eabi/include/stdio.h:224:5:fputc	16	static
D:\ST\STM32CubeIDE_1.13.1\STM32CubeIDE\plugins\com.st.stm32cube.ide.mcu.externaltools.gnu-tools-for-stm32.11.3.rel1.win32_1.1.0.202305231506\tools\bin/../lib/gcc/arm-none-eabi/11.3.1/../../../../arm-none-eabi/include/stdio.h:222:5:fgetc	24	static
../user_bsp/user_uart.c:43:5:_write	24	static
../user_bsp/user_uart.c:48:6:log_com_uart_init	8	static
../user_bsp/user_uart.c:55:6:RTK_com_uart_init	8	static
../user_bsp/user_uart.c:62:6:HAL_UART_RxCpltCallback	16	static
