../Core/Src/stm32h7xx_hal_msp.c:64:6:HAL_MspInit	16	static
../Core/Src/stm32h7xx_hal_msp.c:85:6:HAL_DMA2D_MspInit	24	static
../Core/Src/stm32h7xx_hal_msp.c:110:6:HAL_DMA2D_MspDeInit	16	static
../Core/Src/stm32h7xx_hal_msp.c:135:6:HAL_LTDC_MspInit	256	static
../Core/Src/stm32h7xx_hal_msp.c:237:6:HAL_LTDC_MspDeInit	16	static
../Core/Src/stm32h7xx_hal_msp.c:295:6:HAL_QSPI_MspInit	248	static
../Core/Src/stm32h7xx_hal_msp.c:368:6:HAL_QSPI_MspDeInit	16	static
../Core/Src/stm32h7xx_hal_msp.c:403:6:HAL_TIM_Base_MspInit	24	static
../Core/Src/stm32h7xx_hal_msp.c:428:6:HAL_TIM_Base_MspDeInit	16	static
../Core/Src/stm32h7xx_hal_msp.c:453:6:HAL_UART_MspInit	248	static
../Core/Src/stm32h7xx_hal_msp.c:540:6:HAL_UART_MspDeInit	16	static
../Core/Src/stm32h7xx_hal_msp.c:587:13:HAL_FMC_MspInit	232	static
../Core/Src/stm32h7xx_hal_msp.c:697:6:HAL_SDRAM_MspInit	16	static
../Core/Src/stm32h7xx_hal_msp.c:709:13:HAL_FMC_MspDeInit	8	static
../Core/Src/stm32h7xx_hal_msp.c:782:6:HAL_SDRAM_MspDeInit	16	static
