../Core/Src/main.c:90:5:main	8	static
../Core/Src/main.c:163:6:SystemClock_Config	120	static
../Core/Src/main.c:222:13:MX_DMA2D_Init	8	static
../Core/Src/main.c:262:13:MX_LTDC_Init	64	static
../Core/Src/main.c:324:13:MX_QUADSPI_Init	8	static
../Core/Src/main.c:359:13:MX_TIM3_Init	40	static
../Core/Src/main.c:404:13:MX_USART1_UART_Init	8	static
../Core/Src/main.c:452:13:MX_USART2_UART_Init	8	static
../Core/Src/main.c:496:13:MX_FMC_Init	40	static
../Core/Src/main.c:547:13:MX_GPIO_Init	64	static
../Core/Src/main.c:605:6:Error_Handler	4	static,ignoring_inline_asm
